Dec 20 15:32:53 ubuntu kernel: [ 1510.282934] mce: CPU0: Core temperature above threshold, cpu clock throttled (total events = 1)
Dec 20 15:32:53 ubuntu kernel: [ 1510.282935] mce: CPU4: Core temperature above threshold, cpu clock throttled (total events = 1)
Dec 20 15:32:53 ubuntu kernel: [ 1510.282936] mce: CPU7: Package temperature above threshold, cpu clock throttled (total events = 1)
Dec 20 15:32:53 ubuntu kernel: [ 1510.282937] mce: CPU2: Package temperature above threshold, cpu clock throttled (total events = 1)
Dec 20 15:32:53 ubuntu kernel: [ 1510.282938] mce: CPU6: Package temperature above threshold, cpu clock throttled (total events = 1)
Dec 20 15:32:53 ubuntu kernel: [ 1510.282939] mce: CPU1: Package temperature above threshold, cpu clock throttled (total events = 1)
Dec 20 15:32:53 ubuntu kernel: [ 1510.282940] mce: CPU5: Package temperature above threshold, cpu clock throttled (total events = 1)
Dec 20 15:32:53 ubuntu kernel: [ 1510.282941] mce: CPU3: Package temperature above threshold, cpu clock throttled (total events = 1)
Dec 20 15:32:53 ubuntu kernel: [ 1510.282942] mce: CPU4: Package temperature above threshold, cpu clock throttled (total events = 1)
Dec 20 15:32:53 ubuntu kernel: [ 1510.282943] mce: CPU0: Package temperature above threshold, cpu clock throttled (total events = 1)
Dec 20 15:32:53 ubuntu kernel: [ 1510.283907] mce: CPU0: Core temperature/speed normal
Dec 20 15:32:53 ubuntu kernel: [ 1510.283907] mce: CPU4: Core temperature/speed normal
Dec 20 15:32:53 ubuntu kernel: [ 1510.283908] mce: CPU7: Package temperature/speed normal
Dec 20 15:32:53 ubuntu kernel: [ 1510.283909] mce: CPU1: Package temperature/speed normal
Dec 20 15:32:53 ubuntu kernel: [ 1510.283909] mce: CPU3: Package temperature/speed normal
Dec 20 15:32:53 ubuntu kernel: [ 1510.283910] mce: CPU5: Package temperature/speed normal
Dec 20 15:32:53 ubuntu kernel: [ 1510.283911] mce: CPU2: Package temperature/speed normal
Dec 20 15:32:53 ubuntu kernel: [ 1510.283912] mce: CPU6: Package temperature/speed normal
Dec 20 15:32:53 ubuntu kernel: [ 1510.283912] mce: CPU4: Package temperature/speed normal
Dec 20 15:32:53 ubuntu kernel: [ 1510.283913] mce: CPU0: Package temperature/speed normal
Dec 20 15:43:35 ubuntu kernel: [ 2152.907930] mce: CPU7: Core temperature above threshold, cpu clock throttled (total events = 39)
Dec 20 15:43:35 ubuntu kernel: [ 2152.907931] mce: CPU3: Core temperature above threshold, cpu clock throttled (total events = 39)
Dec 20 15:43:35 ubuntu kernel: [ 2152.907932] mce: CPU0: Package temperature above threshold, cpu clock throttled (total events = 120)
Dec 20 15:43:35 ubuntu kernel: [ 2152.907933] mce: CPU1: Package temperature above threshold, cpu clock throttled (total events = 120)
Dec 20 15:43:35 ubuntu kernel: [ 2152.907934] mce: CPU5: Package temperature above threshold, cpu clock throttled (total events = 120)
Dec 20 15:43:35 ubuntu kernel: [ 2152.907935] mce: CPU4: Package temperature above threshold, cpu clock throttled (total events = 120)
Dec 20 15:43:35 ubuntu kernel: [ 2152.907936] mce: CPU2: Package temperature above threshold, cpu clock throttled (total events = 120)
Dec 20 15:43:35 ubuntu kernel: [ 2152.907937] mce: CPU6: Package temperature above threshold, cpu clock throttled (total events = 120)
Dec 20 15:43:35 ubuntu kernel: [ 2152.907938] mce: CPU3: Package temperature above threshold, cpu clock throttled (total events = 120)
Dec 20 15:43:35 ubuntu kernel: [ 2152.907939] mce: CPU7: Package temperature above threshold, cpu clock throttled (total events = 120)
Dec 20 15:43:35 ubuntu kernel: [ 2152.908895] mce: CPU0: Package temperature/speed normal
Dec 20 15:43:35 ubuntu kernel: [ 2152.908896] mce: CPU3: Core temperature/speed normal
Dec 20 15:43:35 ubuntu kernel: [ 2152.908897] mce: CPU7: Core temperature/speed normal
Dec 20 15:43:35 ubuntu kernel: [ 2152.908898] mce: CPU2: Package temperature/speed normal
Dec 20 15:43:35 ubuntu kernel: [ 2152.908898] mce: CPU1: Package temperature/speed normal
Dec 20 15:43:35 ubuntu kernel: [ 2152.908899] mce: CPU5: Package temperature/speed normal
Dec 20 15:43:35 ubuntu kernel: [ 2152.908900] mce: CPU4: Package temperature/speed normal
Dec 20 15:43:35 ubuntu kernel: [ 2152.908900] mce: CPU6: Package temperature/speed normal
Dec 20 15:43:35 ubuntu kernel: [ 2152.908901] mce: CPU3: Package temperature/speed normal
Dec 20 15:43:35 ubuntu kernel: [ 2152.908901] mce: CPU7: Package temperature/speed normal
Dec 20 15:51:40 ubuntu kernel: [ 2637.350917] mce: CPU7: Core temperature above threshold, cpu clock throttled (total events = 46)
Dec 20 15:51:40 ubuntu kernel: [ 2637.350938] mce: CPU5: Package temperature above threshold, cpu clock throttled (total events = 127)
Dec 20 15:51:40 ubuntu kernel: [ 2637.350939] mce: CPU3: Core temperature above threshold, cpu clock throttled (total events = 46)
Dec 20 15:51:40 ubuntu kernel: [ 2637.350939] mce: CPU1: Package temperature above threshold, cpu clock throttled (total events = 127)
Dec 20 15:51:40 ubuntu kernel: [ 2637.350940] mce: CPU3: Package temperature above threshold, cpu clock throttled (total events = 127)
Dec 20 15:51:40 ubuntu kernel: [ 2637.350941] mce: CPU7: Package temperature above threshold, cpu clock throttled (total events = 127)
Dec 20 15:51:40 ubuntu kernel: [ 2637.350942] mce: CPU0: Package temperature above threshold, cpu clock throttled (total events = 127)
Dec 20 15:51:40 ubuntu kernel: [ 2637.350943] mce: CPU4: Package temperature above threshold, cpu clock throttled (total events = 127)
Dec 20 15:51:40 ubuntu kernel: [ 2637.350944] mce: CPU2: Package temperature above threshold, cpu clock throttled (total events = 127)
Dec 20 15:51:40 ubuntu kernel: [ 2637.350945] mce: CPU6: Package temperature above threshold, cpu clock throttled (total events = 127)
Dec 20 15:51:40 ubuntu kernel: [ 2637.351879] mce: CPU7: Core temperature/speed normal
Dec 20 15:51:40 ubuntu kernel: [ 2637.351880] mce: CPU5: Package temperature/speed normal
Dec 20 15:51:40 ubuntu kernel: [ 2637.351880] mce: CPU3: Core temperature/speed normal
Dec 20 15:51:40 ubuntu kernel: [ 2637.351881] mce: CPU0: Package temperature/speed normal
Dec 20 15:51:40 ubuntu kernel: [ 2637.351881] mce: CPU4: Package temperature/speed normal
Dec 20 15:51:40 ubuntu kernel: [ 2637.351882] mce: CPU1: Package temperature/speed normal
Dec 20 15:51:40 ubuntu kernel: [ 2637.351883] mce: CPU3: Package temperature/speed normal
Dec 20 15:51:40 ubuntu kernel: [ 2637.351883] mce: CPU7: Package temperature/speed normal
Dec 20 15:51:40 ubuntu kernel: [ 2637.351911] mce: CPU2: Package temperature/speed normal
Dec 20 15:51:40 ubuntu kernel: [ 2637.351911] mce: CPU6: Package temperature/speed normal
Dec 20 23:28:39 ubuntu kernel: [30056.634379] audit: type=1400 audit(1608487119.336:157): apparmor="DENIED" operation="open" profile="/usr/bin/evince-thumbnailer" name="/home/user/.local/share/mime/mime.cache" pid=30757 comm="evince-thumbnai" requested_mask="r" denied_mask="r" fsuid=1000 ouid=0
Dec 20 23:28:39 ubuntu kernel: [30056.634391] audit: type=1400 audit(1608487119.336:158): apparmor="DENIED" operation="open" profile="/usr/bin/evince-thumbnailer" name="/home/user/.local/share/mime/globs2" pid=30757 comm="evince-thumbnai" requested_mask="r" denied_mask="r" fsuid=1000 ouid=0
Dec 20 23:28:39 ubuntu kernel: [30056.634415] audit: type=1400 audit(1608487119.336:159): apparmor="DENIED" operation="open" profile="/usr/bin/evince-thumbnailer" name="/home/user/.local/share/mime/magic" pid=30757 comm="evince-thumbnai" requested_mask="r" denied_mask="r" fsuid=1000 ouid=0
Dec 20 23:28:39 ubuntu kernel: [30056.634462] audit: type=1400 audit(1608487119.336:160): apparmor="DENIED" operation="open" profile="/usr/bin/evince-thumbnailer" name="/home/user/.local/share/mime/aliases" pid=30757 comm="evince-thumbnai" requested_mask="r" denied_mask="r" fsuid=1000 ouid=0
Dec 20 23:28:39 ubuntu kernel: [30056.634469] audit: type=1400 audit(1608487119.336:161): apparmor="DENIED" operation="open" profile="/usr/bin/evince-thumbnailer" name="/home/user/.local/share/mime/subclasses" pid=30757 comm="evince-thumbnai" requested_mask="r" denied_mask="r" fsuid=1000 ouid=0
Dec 20 23:28:39 ubuntu kernel: [30056.634476] audit: type=1400 audit(1608487119.336:162): apparmor="DENIED" operation="open" profile="/usr/bin/evince-thumbnailer" name="/home/user/.local/share/mime/icons" pid=30757 comm="evince-thumbnai" requested_mask="r" denied_mask="r" fsuid=1000 ouid=0
Dec 20 23:28:39 ubuntu kernel: [30056.634481] audit: type=1400 audit(1608487119.336:163): apparmor="DENIED" operation="open" profile="/usr/bin/evince-thumbnailer" name="/home/user/.local/share/mime/generic-icons" pid=30757 comm="evince-thumbnai" requested_mask="r" denied_mask="r" fsuid=1000 ouid=0
Dec 20 23:28:39 ubuntu kernel: [30056.808759] audit: type=1400 audit(1608487119.508:164): apparmor="DENIED" operation="open" profile="/usr/bin/evince-thumbnailer" name="/home/user/.local/share/mime/mime.cache" pid=30763 comm="evince-thumbnai" requested_mask="r" denied_mask="r" fsuid=1000 ouid=0
Dec 20 23:28:39 ubuntu kernel: [30056.808762] audit: type=1400 audit(1608487119.508:165): apparmor="DENIED" operation="open" profile="/usr/bin/evince-thumbnailer" name="/home/user/.local/share/mime/globs2" pid=30763 comm="evince-thumbnai" requested_mask="r" denied_mask="r" fsuid=1000 ouid=0
Dec 20 23:28:39 ubuntu kernel: [30056.808763] audit: type=1400 audit(1608487119.508:166): apparmor="DENIED" operation="open" profile="/usr/bin/evince-thumbnailer" name="/home/user/.local/share/mime/magic" pid=30763 comm="evince-thumbnai" requested_mask="r" denied_mask="r" fsuid=1000 ouid=0
Dec 20 23:28:45 ubuntu kernel: [30062.593064] kauditd_printk_skb: 11 callbacks suppressed
Dec 20 23:28:45 ubuntu kernel: [30062.593065] audit: type=1400 audit(1608487125.293:178): apparmor="DENIED" operation="open" profile="/usr/bin/evince-thumbnailer" name="/home/user/.local/share/mime/mime.cache" pid=30821 comm="evince-thumbnai" requested_mask="r" denied_mask="r" fsuid=1000 ouid=0
Dec 20 23:28:45 ubuntu kernel: [30062.593067] audit: type=1400 audit(1608487125.293:179): apparmor="DENIED" operation="open" profile="/usr/bin/evince-thumbnailer" name="/home/user/.local/share/mime/globs2" pid=30821 comm="evince-thumbnai" requested_mask="r" denied_mask="r" fsuid=1000 ouid=0
Dec 20 23:28:45 ubuntu kernel: [30062.593068] audit: type=1400 audit(1608487125.293:180): apparmor="DENIED" operation="open" profile="/usr/bin/evince-thumbnailer" name="/home/user/.local/share/mime/magic" pid=30821 comm="evince-thumbnai" requested_mask="r" denied_mask="r" fsuid=1000 ouid=0
Dec 20 23:28:45 ubuntu kernel: [30062.593069] audit: type=1400 audit(1608487125.293:181): apparmor="DENIED" operation="open" profile="/usr/bin/evince-thumbnailer" name="/home/user/.local/share/mime/aliases" pid=30821 comm="evince-thumbnai" requested_mask="r" denied_mask="r" fsuid=1000 ouid=0
Dec 20 23:28:45 ubuntu kernel: [30062.593071] audit: type=1400 audit(1608487125.293:182): apparmor="DENIED" operation="open" profile="/usr/bin/evince-thumbnailer" name="/home/user/.local/share/mime/subclasses" pid=30821 comm="evince-thumbnai" requested_mask="r" denied_mask="r" fsuid=1000 ouid=0
Dec 20 23:28:45 ubuntu kernel: [30062.593072] audit: type=1400 audit(1608487125.293:183): apparmor="DENIED" operation="open" profile="/usr/bin/evince-thumbnailer" name="/home/user/.local/share/mime/icons" pid=30821 comm="evince-thumbnai" requested_mask="r" denied_mask="r" fsuid=1000 ouid=0
Dec 20 23:28:45 ubuntu kernel: [30062.593073] audit: type=1400 audit(1608487125.293:184): apparmor="DENIED" operation="open" profile="/usr/bin/evince-thumbnailer" name="/home/user/.local/share/mime/generic-icons" pid=30821 comm="evince-thumbnai" requested_mask="r" denied_mask="r" fsuid=1000 ouid=0
Dec 20 23:28:48 ubuntu kernel: [30065.359063] audit: type=1400 audit(1608487128.061:185): apparmor="DENIED" operation="open" profile="/usr/bin/evince-thumbnailer" name="/home/user/.local/share/mime/mime.cache" pid=30828 comm="evince-thumbnai" requested_mask="r" denied_mask="r" fsuid=1000 ouid=0
Dec 20 23:28:48 ubuntu kernel: [30065.359068] audit: type=1400 audit(1608487128.061:186): apparmor="DENIED" operation="open" profile="/usr/bin/evince-thumbnailer" name="/home/user/.local/share/mime/globs2" pid=30828 comm="evince-thumbnai" requested_mask="r" denied_mask="r" fsuid=1000 ouid=0
Dec 20 23:28:48 ubuntu kernel: [30065.359071] audit: type=1400 audit(1608487128.061:187): apparmor="DENIED" operation="open" profile="/usr/bin/evince-thumbnailer" name="/home/user/.local/share/mime/magic" pid=30828 comm="evince-thumbnai" requested_mask="r" denied_mask="r" fsuid=1000 ouid=0
Dec 20 23:59:31 ubuntu kernel: [31908.717513] perf: interrupt took too long (2514 > 2500), lowering kernel.perf_event_max_sample_rate to 79500
Dec 21 00:06:26 ubuntu kernel: [32323.678919] kauditd_printk_skb: 60 callbacks suppressed
Dec 21 00:06:26 ubuntu kernel: [32323.678922] audit: type=1400 audit(1608489386.387:248): apparmor="ALLOWED" operation="open" profile="libreoffice-soffice" name="/usr/share/drirc.d/00-mesa-defaults.conf" pid=15956 comm="soffice.bin" requested_mask="r" denied_mask="r" fsuid=1000 ouid=0
Dec 21 00:06:26 ubuntu kernel: [32323.681743] audit: type=1400 audit(1608489386.391:249): apparmor="ALLOWED" operation="open" profile="libreoffice-soffice" name="/usr/share/drirc.d/00-mesa-defaults.conf" pid=15956 comm="soffice.bin" requested_mask="r" denied_mask="r" fsuid=1000 ouid=0
Dec 21 00:06:26 ubuntu kernel: [32323.686029] audit: type=1400 audit(1608489386.395:250): apparmor="ALLOWED" operation="open" profile="libreoffice-soffice" name="/usr/share/drirc.d/00-mesa-defaults.conf" pid=15956 comm="soffice.bin" requested_mask="r" denied_mask="r" fsuid=1000 ouid=0
Dec 21 00:06:26 ubuntu kernel: [32323.686986] audit: type=1400 audit(1608489386.395:251): apparmor="ALLOWED" operation="open" profile="libreoffice-soffice" name="/usr/share/drirc.d/00-mesa-defaults.conf" pid=15956 comm="soffice.bin" requested_mask="r" denied_mask="r" fsuid=1000 ouid=0
Dec 21 00:06:26 ubuntu kernel: [32323.694431] audit: type=1400 audit(1608489386.403:252): apparmor="ALLOWED" operation="open" profile="libreoffice-soffice" name="/home/user/.cache/mesa_shader_cache/index" pid=15956 comm="soffice.bin" requested_mask="wrc" denied_mask="wrc" fsuid=1000 ouid=1000
Dec 21 00:06:26 ubuntu kernel: [32323.696219] audit: type=1400 audit(1608489386.407:253): apparmor="ALLOWED" operation="open" profile="libreoffice-soffice" name="/usr/share/drirc.d/00-mesa-defaults.conf" pid=15956 comm="soffice.bin" requested_mask="r" denied_mask="r" fsuid=1000 ouid=0
Dec 21 00:06:27 ubuntu kernel: [32325.196849] audit: type=1400 audit(1608489387.906:254): apparmor="ALLOWED" operation="open" profile="libreoffice-soffice" name="/home/user/.local/share/mime/mime.cache" pid=15317 comm="soffice.bin" requested_mask="r" denied_mask="r" fsuid=1000 ouid=0
Dec 21 00:06:28 ubuntu kernel: [32325.519365] audit: type=1400 audit(1608489388.226:255): apparmor="DENIED" operation="capable" profile="/snap/core/10577/usr/lib/snapd/snap-confine" pid=16018 comm="snap-confine" capability=4  capname="fsetid"
Dec 21 00:06:34 ubuntu kernel: [32331.404851] audit: type=1326 audit(1608489394.114:256): auid=1000 uid=1000 gid=1000 ses=3 pid=16018 comm="gnome-calculato" exe="/snap/gnome-calculator/826/usr/bin/gnome-calculator" sig=0 arch=c000003e syscall=314 compat=0 ip=0x7f80a84c5639 code=0x50000
Dec 21 00:59:26 ubuntu kernel: [35503.869303] audit: type=1400 audit(1608492566.484:257): apparmor="DENIED" operation="open" profile="/usr/bin/evince-thumbnailer" name="/home/user/.local/share/mime/mime.cache" pid=5290 comm="evince-thumbnai" requested_mask="r" denied_mask="r" fsuid=1000 ouid=0
Dec 21 00:59:26 ubuntu kernel: [35503.869305] audit: type=1400 audit(1608492566.484:258): apparmor="DENIED" operation="open" profile="/usr/bin/evince-thumbnailer" name="/home/user/.local/share/mime/globs2" pid=5290 comm="evince-thumbnai" requested_mask="r" denied_mask="r" fsuid=1000 ouid=0
Dec 21 00:59:26 ubuntu kernel: [35503.869306] audit: type=1400 audit(1608492566.484:259): apparmor="DENIED" operation="open" profile="/usr/bin/evince-thumbnailer" name="/home/user/.local/share/mime/magic" pid=5290 comm="evince-thumbnai" requested_mask="r" denied_mask="r" fsuid=1000 ouid=0
Dec 21 00:59:26 ubuntu kernel: [35503.869313] audit: type=1400 audit(1608492566.484:260): apparmor="DENIED" operation="open" profile="/usr/bin/evince-thumbnailer" name="/home/user/.local/share/mime/aliases" pid=5290 comm="evince-thumbnai" requested_mask="r" denied_mask="r" fsuid=1000 ouid=0
Dec 21 00:59:26 ubuntu kernel: [35503.869320] audit: type=1400 audit(1608492566.484:261): apparmor="DENIED" operation="open" profile="/usr/bin/evince-thumbnailer" name="/home/user/.local/share/mime/subclasses" pid=5290 comm="evince-thumbnai" requested_mask="r" denied_mask="r" fsuid=1000 ouid=0
Dec 21 00:59:26 ubuntu kernel: [35503.869325] audit: type=1400 audit(1608492566.484:262): apparmor="DENIED" operation="open" profile="/usr/bin/evince-thumbnailer" name="/home/user/.local/share/mime/icons" pid=5290 comm="evince-thumbnai" requested_mask="r" denied_mask="r" fsuid=1000 ouid=0
Dec 21 00:59:26 ubuntu kernel: [35503.869330] audit: type=1400 audit(1608492566.484:263): apparmor="DENIED" operation="open" profile="/usr/bin/evince-thumbnailer" name="/home/user/.local/share/mime/generic-icons" pid=5290 comm="evince-thumbnai" requested_mask="r" denied_mask="r" fsuid=1000 ouid=0
Dec 21 00:59:26 ubuntu kernel: [35504.217060] audit: type=1400 audit(1608492566.832:264): apparmor="DENIED" operation="open" profile="/usr/bin/evince-thumbnailer" name="/home/user/.local/share/mime/mime.cache" pid=5296 comm="evince-thumbnai" requested_mask="r" denied_mask="r" fsuid=1000 ouid=0
Dec 21 00:59:26 ubuntu kernel: [35504.217063] audit: type=1400 audit(1608492566.832:265): apparmor="DENIED" operation="open" profile="/usr/bin/evince-thumbnailer" name="/home/user/.local/share/mime/globs2" pid=5296 comm="evince-thumbnai" requested_mask="r" denied_mask="r" fsuid=1000 ouid=0
Dec 21 00:59:26 ubuntu kernel: [35504.217064] audit: type=1400 audit(1608492566.832:266): apparmor="DENIED" operation="open" profile="/usr/bin/evince-thumbnailer" name="/home/user/.local/share/mime/magic" pid=5296 comm="evince-thumbnai" requested_mask="r" denied_mask="r" fsuid=1000 ouid=0
Dec 21 00:59:40 ubuntu kernel: [35518.185866] kauditd_printk_skb: 18 callbacks suppressed
Dec 21 00:59:40 ubuntu kernel: [35518.185867] audit: type=1400 audit(1608492580.800:285): apparmor="DENIED" operation="open" profile="/usr/bin/evince-thumbnailer" name="/home/user/.local/share/mime/mime.cache" pid=5409 comm="evince-thumbnai" requested_mask="r" denied_mask="r" fsuid=1000 ouid=0
Dec 21 00:59:40 ubuntu kernel: [35518.185869] audit: type=1400 audit(1608492580.800:286): apparmor="DENIED" operation="open" profile="/usr/bin/evince-thumbnailer" name="/home/user/.local/share/mime/globs2" pid=5409 comm="evince-thumbnai" requested_mask="r" denied_mask="r" fsuid=1000 ouid=0
Dec 21 00:59:40 ubuntu kernel: [35518.185875] audit: type=1400 audit(1608492580.800:287): apparmor="DENIED" operation="open" profile="/usr/bin/evince-thumbnailer" name="/home/user/.local/share/mime/magic" pid=5409 comm="evince-thumbnai" requested_mask="r" denied_mask="r" fsuid=1000 ouid=0
Dec 21 00:59:40 ubuntu kernel: [35518.185883] audit: type=1400 audit(1608492580.800:288): apparmor="DENIED" operation="open" profile="/usr/bin/evince-thumbnailer" name="/home/user/.local/share/mime/aliases" pid=5409 comm="evince-thumbnai" requested_mask="r" denied_mask="r" fsuid=1000 ouid=0
Dec 21 00:59:40 ubuntu kernel: [35518.185892] audit: type=1400 audit(1608492580.800:289): apparmor="DENIED" operation="open" profile="/usr/bin/evince-thumbnailer" name="/home/user/.local/share/mime/subclasses" pid=5409 comm="evince-thumbnai" requested_mask="r" denied_mask="r" fsuid=1000 ouid=0
Dec 21 00:59:40 ubuntu kernel: [35518.185894] audit: type=1400 audit(1608492580.800:290): apparmor="DENIED" operation="open" profile="/usr/bin/evince-thumbnailer" name="/home/user/.local/share/mime/icons" pid=5409 comm="evince-thumbnai" requested_mask="r" denied_mask="r" fsuid=1000 ouid=0
Dec 21 00:59:40 ubuntu kernel: [35518.185968] audit: type=1400 audit(1608492580.800:291): apparmor="DENIED" operation="open" profile="/usr/bin/evince-thumbnailer" name="/home/user/.local/share/mime/generic-icons" pid=5409 comm="evince-thumbnai" requested_mask="r" denied_mask="r" fsuid=1000 ouid=0
Dec 21 00:59:40 ubuntu kernel: [35518.248689] audit: type=1400 audit(1608492580.864:292): apparmor="DENIED" operation="open" profile="/usr/bin/evince-thumbnailer" name="/home/user/.local/share/mime/mime.cache" pid=5414 comm="evince-thumbnai" requested_mask="r" denied_mask="r" fsuid=1000 ouid=0
Dec 21 00:59:40 ubuntu kernel: [35518.248691] audit: type=1400 audit(1608492580.864:293): apparmor="DENIED" operation="open" profile="/usr/bin/evince-thumbnailer" name="/home/user/.local/share/mime/globs2" pid=5414 comm="evince-thumbnai" requested_mask="r" denied_mask="r" fsuid=1000 ouid=0
Dec 21 00:59:40 ubuntu kernel: [35518.248697] audit: type=1400 audit(1608492580.864:294): apparmor="DENIED" operation="open" profile="/usr/bin/evince-thumbnailer" name="/home/user/.local/share/mime/magic" pid=5414 comm="evince-thumbnai" requested_mask="r" denied_mask="r" fsuid=1000 ouid=0
Dec 21 00:59:59 ubuntu kernel: [35536.604502] kauditd_printk_skb: 25 callbacks suppressed
Dec 21 00:59:59 ubuntu kernel: [35536.604503] audit: type=1400 audit(1608492599.223:320): apparmor="DENIED" operation="open" profile="/usr/bin/evince" name="/home/user/.local/share/mime/mime.cache" pid=5563 comm="evince" requested_mask="r" denied_mask="r" fsuid=1000 ouid=0
Dec 21 00:59:59 ubuntu kernel: [35536.604526] audit: type=1400 audit(1608492599.223:321): apparmor="DENIED" operation="open" profile="/usr/bin/evince" name="/home/user/.local/share/mime/globs2" pid=5563 comm="evince" requested_mask="r" denied_mask="r" fsuid=1000 ouid=0
Dec 21 00:59:59 ubuntu kernel: [35536.604527] audit: type=1400 audit(1608492599.223:322): apparmor="DENIED" operation="open" profile="/usr/bin/evince" name="/home/user/.local/share/mime/magic" pid=5563 comm="evince" requested_mask="r" denied_mask="r" fsuid=1000 ouid=0
Dec 21 00:59:59 ubuntu kernel: [35536.604529] audit: type=1400 audit(1608492599.223:323): apparmor="DENIED" operation="open" profile="/usr/bin/evince" name="/home/user/.local/share/mime/aliases" pid=5563 comm="evince" requested_mask="r" denied_mask="r" fsuid=1000 ouid=0
Dec 21 00:59:59 ubuntu kernel: [35536.604530] audit: type=1400 audit(1608492599.223:324): apparmor="DENIED" operation="open" profile="/usr/bin/evince" name="/home/user/.local/share/mime/subclasses" pid=5563 comm="evince" requested_mask="r" denied_mask="r" fsuid=1000 ouid=0
Dec 21 00:59:59 ubuntu kernel: [35536.604531] audit: type=1400 audit(1608492599.223:325): apparmor="DENIED" operation="open" profile="/usr/bin/evince" name="/home/user/.local/share/mime/icons" pid=5563 comm="evince" requested_mask="r" denied_mask="r" fsuid=1000 ouid=0
Dec 21 00:59:59 ubuntu kernel: [35536.604532] audit: type=1400 audit(1608492599.223:326): apparmor="DENIED" operation="open" profile="/usr/bin/evince" name="/home/user/.local/share/mime/generic-icons" pid=5563 comm="evince" requested_mask="r" denied_mask="r" fsuid=1000 ouid=0
Dec 21 00:59:59 ubuntu kernel: [35536.605300] audit: type=1400 audit(1608492599.223:327): apparmor="DENIED" operation="open" profile="/usr/bin/evince" name="/home/user/.local/share/applications/mimeinfo.cache" pid=5563 comm="evince" requested_mask="r" denied_mask="r" fsuid=1000 ouid=0
Dec 21 01:00:07 ubuntu kernel: [35544.473480] audit: type=1400 audit(1608492607.091:328): apparmor="DENIED" operation="open" profile="/usr/bin/evince" name="/home/user/.local/share/mime/mime.cache" pid=5638 comm="evince" requested_mask="r" denied_mask="r" fsuid=1000 ouid=0
Dec 21 01:00:07 ubuntu kernel: [35544.473483] audit: type=1400 audit(1608492607.091:329): apparmor="DENIED" operation="open" profile="/usr/bin/evince" name="/home/user/.local/share/mime/globs2" pid=5638 comm="evince" requested_mask="r" denied_mask="r" fsuid=1000 ouid=0
Dec 21 01:00:07 ubuntu kernel: [35544.473504] audit: type=1400 audit(1608492607.091:330): apparmor="DENIED" operation="open" profile="/usr/bin/evince" name="/home/user/.local/share/mime/magic" pid=5638 comm="evince" requested_mask="r" denied_mask="r" fsuid=1000 ouid=0
Dec 21 01:00:07 ubuntu kernel: [35544.473505] audit: type=1400 audit(1608492607.091:331): apparmor="DENIED" operation="open" profile="/usr/bin/evince" name="/home/user/.local/share/mime/aliases" pid=5638 comm="evince" requested_mask="r" denied_mask="r" fsuid=1000 ouid=0
Dec 21 01:00:07 ubuntu kernel: [35544.473506] audit: type=1400 audit(1608492607.091:332): apparmor="DENIED" operation="open" profile="/usr/bin/evince" name="/home/user/.local/share/mime/subclasses" pid=5638 comm="evince" requested_mask="r" denied_mask="r" fsuid=1000 ouid=0
Dec 21 01:00:07 ubuntu kernel: [35544.473507] audit: type=1400 audit(1608492607.091:333): apparmor="DENIED" operation="open" profile="/usr/bin/evince" name="/home/user/.local/share/mime/icons" pid=5638 comm="evince" requested_mask="r" denied_mask="r" fsuid=1000 ouid=0
Dec 21 01:00:07 ubuntu kernel: [35544.473508] audit: type=1400 audit(1608492607.091:334): apparmor="DENIED" operation="open" profile="/usr/bin/evince" name="/home/user/.local/share/mime/generic-icons" pid=5638 comm="evince" requested_mask="r" denied_mask="r" fsuid=1000 ouid=0
Dec 21 01:00:07 ubuntu kernel: [35544.474259] audit: type=1400 audit(1608492607.091:335): apparmor="DENIED" operation="open" profile="/usr/bin/evince" name="/home/user/.local/share/applications/mimeinfo.cache" pid=5638 comm="evince" requested_mask="r" denied_mask="r" fsuid=1000 ouid=0
Dec 21 01:00:37 ubuntu kernel: [35575.356902] audit: type=1400 audit(1608492637.974:336): apparmor="DENIED" operation="open" profile="/usr/bin/evince" name="/home/user/.local/share/mime/mime.cache" pid=5872 comm="evince" requested_mask="r" denied_mask="r" fsuid=1000 ouid=0
Dec 21 01:00:37 ubuntu kernel: [35575.356904] audit: type=1400 audit(1608492637.974:337): apparmor="DENIED" operation="open" profile="/usr/bin/evince" name="/home/user/.local/share/mime/globs2" pid=5872 comm="evince" requested_mask="r" denied_mask="r" fsuid=1000 ouid=0
Dec 21 01:00:37 ubuntu kernel: [35575.356905] audit: type=1400 audit(1608492637.974:338): apparmor="DENIED" operation="open" profile="/usr/bin/evince" name="/home/user/.local/share/mime/magic" pid=5872 comm="evince" requested_mask="r" denied_mask="r" fsuid=1000 ouid=0
Dec 21 01:00:37 ubuntu kernel: [35575.356906] audit: type=1400 audit(1608492637.974:339): apparmor="DENIED" operation="open" profile="/usr/bin/evince" name="/home/user/.local/share/mime/aliases" pid=5872 comm="evince" requested_mask="r" denied_mask="r" fsuid=1000 ouid=0
Dec 21 01:00:37 ubuntu kernel: [35575.356907] audit: type=1400 audit(1608492637.974:340): apparmor="DENIED" operation="open" profile="/usr/bin/evince" name="/home/user/.local/share/mime/subclasses" pid=5872 comm="evince" requested_mask="r" denied_mask="r" fsuid=1000 ouid=0
Dec 21 01:00:37 ubuntu kernel: [35575.356908] audit: type=1400 audit(1608492637.974:341): apparmor="DENIED" operation="open" profile="/usr/bin/evince" name="/home/user/.local/share/mime/icons" pid=5872 comm="evince" requested_mask="r" denied_mask="r" fsuid=1000 ouid=0
Dec 21 01:00:37 ubuntu kernel: [35575.356913] audit: type=1400 audit(1608492637.974:342): apparmor="DENIED" operation="open" profile="/usr/bin/evince" name="/home/user/.local/share/mime/generic-icons" pid=5872 comm="evince" requested_mask="r" denied_mask="r" fsuid=1000 ouid=0
Dec 21 01:00:37 ubuntu kernel: [35575.357712] audit: type=1400 audit(1608492637.974:343): apparmor="DENIED" operation="open" profile="/usr/bin/evince" name="/home/user/.local/share/applications/mimeinfo.cache" pid=5872 comm="evince" requested_mask="r" denied_mask="r" fsuid=1000 ouid=0
Dec 21 01:01:21 ubuntu kernel: [35618.578657] audit: type=1400 audit(1608492681.194:344): apparmor="DENIED" operation="open" profile="/usr/bin/evince" name="/home/user/.local/share/mime/mime.cache" pid=6207 comm="evince" requested_mask="r" denied_mask="r" fsuid=1000 ouid=0
Dec 21 01:01:21 ubuntu kernel: [35618.578661] audit: type=1400 audit(1608492681.194:345): apparmor="DENIED" operation="open" profile="/usr/bin/evince" name="/home/user/.local/share/mime/globs2" pid=6207 comm="evince" requested_mask="r" denied_mask="r" fsuid=1000 ouid=0
Dec 21 01:01:21 ubuntu kernel: [35618.578663] audit: type=1400 audit(1608492681.194:346): apparmor="DENIED" operation="open" profile="/usr/bin/evince" name="/home/user/.local/share/mime/magic" pid=6207 comm="evince" requested_mask="r" denied_mask="r" fsuid=1000 ouid=0
Dec 21 01:01:21 ubuntu kernel: [35618.578666] audit: type=1400 audit(1608492681.194:347): apparmor="DENIED" operation="open" profile="/usr/bin/evince" name="/home/user/.local/share/mime/aliases" pid=6207 comm="evince" requested_mask="r" denied_mask="r" fsuid=1000 ouid=0
Dec 21 01:01:21 ubuntu kernel: [35618.578668] audit: type=1400 audit(1608492681.194:348): apparmor="DENIED" operation="open" profile="/usr/bin/evince" name="/home/user/.local/share/mime/subclasses" pid=6207 comm="evince" requested_mask="r" denied_mask="r" fsuid=1000 ouid=0
Dec 21 01:01:21 ubuntu kernel: [35618.578671] audit: type=1400 audit(1608492681.194:349): apparmor="DENIED" operation="open" profile="/usr/bin/evince" name="/home/user/.local/share/mime/icons" pid=6207 comm="evince" requested_mask="r" denied_mask="r" fsuid=1000 ouid=0
Dec 21 01:01:21 ubuntu kernel: [35618.578691] audit: type=1400 audit(1608492681.194:350): apparmor="DENIED" operation="open" profile="/usr/bin/evince" name="/home/user/.local/share/mime/generic-icons" pid=6207 comm="evince" requested_mask="r" denied_mask="r" fsuid=1000 ouid=0
Dec 21 01:01:21 ubuntu kernel: [35618.580942] audit: type=1400 audit(1608492681.198:351): apparmor="DENIED" operation="open" profile="/usr/bin/evince" name="/home/user/.local/share/applications/mimeinfo.cache" pid=6207 comm="evince" requested_mask="r" denied_mask="r" fsuid=1000 ouid=0
Dec 21 01:01:33 ubuntu kernel: [35630.588973] audit: type=1400 audit(1608492693.205:352): apparmor="DENIED" operation="open" profile="/usr/bin/evince-thumbnailer" name="/home/user/.local/share/mime/mime.cache" pid=6335 comm="evince-thumbnai" requested_mask="r" denied_mask="r" fsuid=1000 ouid=0
Dec 21 01:01:33 ubuntu kernel: [35630.588976] audit: type=1400 audit(1608492693.205:353): apparmor="DENIED" operation="open" profile="/usr/bin/evince-thumbnailer" name="/home/user/.local/share/mime/globs2" pid=6335 comm="evince-thumbnai" requested_mask="r" denied_mask="r" fsuid=1000 ouid=0
Dec 21 01:01:33 ubuntu kernel: [35630.588977] audit: type=1400 audit(1608492693.205:354): apparmor="DENIED" operation="open" profile="/usr/bin/evince-thumbnailer" name="/home/user/.local/share/mime/magic" pid=6335 comm="evince-thumbnai" requested_mask="r" denied_mask="r" fsuid=1000 ouid=0
Dec 21 01:01:33 ubuntu kernel: [35630.588978] audit: type=1400 audit(1608492693.205:355): apparmor="DENIED" operation="open" profile="/usr/bin/evince-thumbnailer" name="/home/user/.local/share/mime/aliases" pid=6335 comm="evince-thumbnai" requested_mask="r" denied_mask="r" fsuid=1000 ouid=0
Dec 21 01:01:33 ubuntu kernel: [35630.588979] audit: type=1400 audit(1608492693.205:356): apparmor="DENIED" operation="open" profile="/usr/bin/evince-thumbnailer" name="/home/user/.local/share/mime/subclasses" pid=6335 comm="evince-thumbnai" requested_mask="r" denied_mask="r" fsuid=1000 ouid=0
Dec 21 01:01:33 ubuntu kernel: [35630.588981] audit: type=1400 audit(1608492693.205:357): apparmor="DENIED" operation="open" profile="/usr/bin/evince-thumbnailer" name="/home/user/.local/share/mime/icons" pid=6335 comm="evince-thumbnai" requested_mask="r" denied_mask="r" fsuid=1000 ouid=0
Dec 21 01:01:33 ubuntu kernel: [35630.588982] audit: type=1400 audit(1608492693.205:358): apparmor="DENIED" operation="open" profile="/usr/bin/evince-thumbnailer" name="/home/user/.local/share/mime/generic-icons" pid=6335 comm="evince-thumbnai" requested_mask="r" denied_mask="r" fsuid=1000 ouid=0
Dec 21 01:01:39 ubuntu kernel: [35636.581203] audit: type=1400 audit(1608492699.197:359): apparmor="DENIED" operation="open" profile="/usr/bin/evince-thumbnailer" name="/home/user/.local/share/mime/mime.cache" pid=6390 comm="evince-thumbnai" requested_mask="r" denied_mask="r" fsuid=1000 ouid=0
Dec 21 01:01:39 ubuntu kernel: [35636.581206] audit: type=1400 audit(1608492699.197:360): apparmor="DENIED" operation="open" profile="/usr/bin/evince-thumbnailer" name="/home/user/.local/share/mime/globs2" pid=6390 comm="evince-thumbnai" requested_mask="r" denied_mask="r" fsuid=1000 ouid=0
Dec 21 01:01:39 ubuntu kernel: [35636.581208] audit: type=1400 audit(1608492699.197:361): apparmor="DENIED" operation="open" profile="/usr/bin/evince-thumbnailer" name="/home/user/.local/share/mime/magic" pid=6390 comm="evince-thumbnai" requested_mask="r" denied_mask="r" fsuid=1000 ouid=0
Dec 21 01:01:39 ubuntu kernel: [35636.581209] audit: type=1400 audit(1608492699.197:362): apparmor="DENIED" operation="open" profile="/usr/bin/evince-thumbnailer" name="/home/user/.local/share/mime/aliases" pid=6390 comm="evince-thumbnai" requested_mask="r" denied_mask="r" fsuid=1000 ouid=0
Dec 21 01:01:39 ubuntu kernel: [35636.581211] audit: type=1400 audit(1608492699.197:363): apparmor="DENIED" operation="open" profile="/usr/bin/evince-thumbnailer" name="/home/user/.local/share/mime/subclasses" pid=6390 comm="evince-thumbnai" requested_mask="r" denied_mask="r" fsuid=1000 ouid=0
Dec 21 01:01:39 ubuntu kernel: [35636.581213] audit: type=1400 audit(1608492699.197:364): apparmor="DENIED" operation="open" profile="/usr/bin/evince-thumbnailer" name="/home/user/.local/share/mime/icons" pid=6390 comm="evince-thumbnai" requested_mask="r" denied_mask="r" fsuid=1000 ouid=0
Dec 21 01:01:39 ubuntu kernel: [35636.581221] audit: type=1400 audit(1608492699.197:365): apparmor="DENIED" operation="open" profile="/usr/bin/evince-thumbnailer" name="/home/user/.local/share/mime/generic-icons" pid=6390 comm="evince-thumbnai" requested_mask="r" denied_mask="r" fsuid=1000 ouid=0
Dec 21 01:01:39 ubuntu kernel: [35636.629067] audit: type=1400 audit(1608492699.245:366): apparmor="DENIED" operation="open" profile="/usr/bin/evince-thumbnailer" name="/home/user/.local/share/mime/mime.cache" pid=6395 comm="evince-thumbnai" requested_mask="r" denied_mask="r" fsuid=1000 ouid=0
Dec 21 01:01:39 ubuntu kernel: [35636.629069] audit: type=1400 audit(1608492699.245:367): apparmor="DENIED" operation="open" profile="/usr/bin/evince-thumbnailer" name="/home/user/.local/share/mime/globs2" pid=6395 comm="evince-thumbnai" requested_mask="r" denied_mask="r" fsuid=1000 ouid=0
Dec 21 01:01:39 ubuntu kernel: [35636.629070] audit: type=1400 audit(1608492699.245:368): apparmor="DENIED" operation="open" profile="/usr/bin/evince-thumbnailer" name="/home/user/.local/share/mime/magic" pid=6395 comm="evince-thumbnai" requested_mask="r" denied_mask="r" fsuid=1000 ouid=0
Dec 21 01:05:56 ubuntu kernel: [35893.459651] kauditd_printk_skb: 54 callbacks suppressed
Dec 21 01:05:56 ubuntu kernel: [35893.459652] audit: type=1400 audit(1608492956.068:423): apparmor="DENIED" operation="open" profile="/usr/bin/evince-thumbnailer" name="/home/user/.local/share/mime/mime.cache" pid=8791 comm="evince-thumbnai" requested_mask="r" denied_mask="r" fsuid=1000 ouid=0
Dec 21 01:05:56 ubuntu kernel: [35893.459654] audit: type=1400 audit(1608492956.068:424): apparmor="DENIED" operation="open" profile="/usr/bin/evince-thumbnailer" name="/home/user/.local/share/mime/globs2" pid=8791 comm="evince-thumbnai" requested_mask="r" denied_mask="r" fsuid=1000 ouid=0
Dec 21 01:05:56 ubuntu kernel: [35893.459655] audit: type=1400 audit(1608492956.068:425): apparmor="DENIED" operation="open" profile="/usr/bin/evince-thumbnailer" name="/home/user/.local/share/mime/magic" pid=8791 comm="evince-thumbnai" requested_mask="r" denied_mask="r" fsuid=1000 ouid=0
Dec 21 01:05:56 ubuntu kernel: [35893.459656] audit: type=1400 audit(1608492956.068:426): apparmor="DENIED" operation="open" profile="/usr/bin/evince-thumbnailer" name="/home/user/.local/share/mime/aliases" pid=8791 comm="evince-thumbnai" requested_mask="r" denied_mask="r" fsuid=1000 ouid=0
Dec 21 01:05:56 ubuntu kernel: [35893.459658] audit: type=1400 audit(1608492956.068:427): apparmor="DENIED" operation="open" profile="/usr/bin/evince-thumbnailer" name="/home/user/.local/share/mime/subclasses" pid=8791 comm="evince-thumbnai" requested_mask="r" denied_mask="r" fsuid=1000 ouid=0
Dec 21 01:05:56 ubuntu kernel: [35893.459659] audit: type=1400 audit(1608492956.068:428): apparmor="DENIED" operation="open" profile="/usr/bin/evince-thumbnailer" name="/home/user/.local/share/mime/icons" pid=8791 comm="evince-thumbnai" requested_mask="r" denied_mask="r" fsuid=1000 ouid=0
Dec 21 01:05:56 ubuntu kernel: [35893.459662] audit: type=1400 audit(1608492956.068:429): apparmor="DENIED" operation="open" profile="/usr/bin/evince-thumbnailer" name="/home/user/.local/share/mime/generic-icons" pid=8791 comm="evince-thumbnai" requested_mask="r" denied_mask="r" fsuid=1000 ouid=0
Dec 21 01:05:56 ubuntu kernel: [35893.522205] audit: type=1400 audit(1608492956.132:430): apparmor="DENIED" operation="open" profile="/usr/bin/evince-thumbnailer" name="/home/user/.local/share/mime/mime.cache" pid=8797 comm="evince-thumbnai" requested_mask="r" denied_mask="r" fsuid=1000 ouid=0
Dec 21 01:05:56 ubuntu kernel: [35893.522207] audit: type=1400 audit(1608492956.132:431): apparmor="DENIED" operation="open" profile="/usr/bin/evince-thumbnailer" name="/home/user/.local/share/mime/globs2" pid=8797 comm="evince-thumbnai" requested_mask="r" denied_mask="r" fsuid=1000 ouid=0
Dec 21 01:05:56 ubuntu kernel: [35893.522233] audit: type=1400 audit(1608492956.132:432): apparmor="DENIED" operation="open" profile="/usr/bin/evince-thumbnailer" name="/home/user/.local/share/mime/magic" pid=8797 comm="evince-thumbnai" requested_mask="r" denied_mask="r" fsuid=1000 ouid=0
Dec 21 01:06:02 ubuntu kernel: [35899.566729] kauditd_printk_skb: 67 callbacks suppressed
Dec 21 01:06:02 ubuntu kernel: [35899.566730] audit: type=1400 audit(1608492962.176:500): apparmor="DENIED" operation="open" profile="/usr/bin/evince" name="/home/user/.local/share/mime/mime.cache" pid=8886 comm="evince" requested_mask="r" denied_mask="r" fsuid=1000 ouid=0
Dec 21 01:06:02 ubuntu kernel: [35899.566735] audit: type=1400 audit(1608492962.176:501): apparmor="DENIED" operation="open" profile="/usr/bin/evince" name="/home/user/.local/share/mime/globs2" pid=8886 comm="evince" requested_mask="r" denied_mask="r" fsuid=1000 ouid=0
Dec 21 01:06:02 ubuntu kernel: [35899.566737] audit: type=1400 audit(1608492962.176:502): apparmor="DENIED" operation="open" profile="/usr/bin/evince" name="/home/user/.local/share/mime/magic" pid=8886 comm="evince" requested_mask="r" denied_mask="r" fsuid=1000 ouid=0
Dec 21 01:06:02 ubuntu kernel: [35899.566740] audit: type=1400 audit(1608492962.176:503): apparmor="DENIED" operation="open" profile="/usr/bin/evince" name="/home/user/.local/share/mime/aliases" pid=8886 comm="evince" requested_mask="r" denied_mask="r" fsuid=1000 ouid=0
Dec 21 01:06:02 ubuntu kernel: [35899.566742] audit: type=1400 audit(1608492962.176:504): apparmor="DENIED" operation="open" profile="/usr/bin/evince" name="/home/user/.local/share/mime/subclasses" pid=8886 comm="evince" requested_mask="r" denied_mask="r" fsuid=1000 ouid=0
Dec 21 01:06:02 ubuntu kernel: [35899.566764] audit: type=1400 audit(1608492962.176:505): apparmor="DENIED" operation="open" profile="/usr/bin/evince" name="/home/user/.local/share/mime/icons" pid=8886 comm="evince" requested_mask="r" denied_mask="r" fsuid=1000 ouid=0
Dec 21 01:06:02 ubuntu kernel: [35899.566766] audit: type=1400 audit(1608492962.176:506): apparmor="DENIED" operation="open" profile="/usr/bin/evince" name="/home/user/.local/share/mime/generic-icons" pid=8886 comm="evince" requested_mask="r" denied_mask="r" fsuid=1000 ouid=0
Dec 21 01:06:02 ubuntu kernel: [35899.569116] audit: type=1400 audit(1608492962.176:507): apparmor="DENIED" operation="open" profile="/usr/bin/evince" name="/home/user/.local/share/applications/mimeinfo.cache" pid=8886 comm="evince" requested_mask="r" denied_mask="r" fsuid=1000 ouid=0
Dec 21 01:06:29 ubuntu kernel: [35926.738057] rfkill: input handler enabled
Dec 21 01:06:29 ubuntu kernel: [35927.131878] [drm] PCIE GART of 256M enabled (table at 0x000000F400000000).
Dec 21 01:06:29 ubuntu kernel: [35927.136248] amdgpu: [powerplay] can't get the mac of 5
Dec 21 12:09:54 ubuntu kernel: [    0.000000] microcode: microcode updated early to revision 0xe0, date = 2020-06-17
Dec 21 12:09:54 ubuntu kernel: [    0.000000] Linux version 5.4.0-58-generic (buildd@lgw01-amd64-040) (gcc version 7.5.0 (Ubuntu 7.5.0-3ubuntu1~18.04)) #64~18.04.1-Ubuntu SMP Wed Dec 9 17:11:11 UTC 2020 (Ubuntu 5.4.0-58.64~18.04.1-generic 5.4.73)
Dec 21 12:09:54 ubuntu kernel: [    0.000000] Command line: BOOT_IMAGE=/boot/vmlinuz-5.4.0-58-generic root=UUID=39387f72-70d9-49cc-991f-647a2dc48e9e ro quiet splash vt.handoff=1
Dec 21 12:09:54 ubuntu kernel: [    0.000000] KERNEL supported cpus:
Dec 21 12:09:54 ubuntu kernel: [    0.000000]   Intel GenuineIntel
Dec 21 12:09:54 ubuntu kernel: [    0.000000]   AMD AuthenticAMD
Dec 21 12:09:54 ubuntu kernel: [    0.000000]   Hygon HygonGenuine
Dec 21 12:09:54 ubuntu kernel: [    0.000000]   Centaur CentaurHauls
Dec 21 12:09:54 ubuntu kernel: [    0.000000]   zhaoxin   Shanghai  
Dec 21 12:09:54 ubuntu kernel: [    0.000000] x86/fpu: Supporting XSAVE feature 0x001: 'x87 floating point registers'
Dec 21 12:09:54 ubuntu kernel: [    0.000000] x86/fpu: Supporting XSAVE feature 0x002: 'SSE registers'
Dec 21 12:09:54 ubuntu kernel: [    0.000000] x86/fpu: Supporting XSAVE feature 0x004: 'AVX registers'
Dec 21 12:09:54 ubuntu kernel: [    0.000000] x86/fpu: Supporting XSAVE feature 0x008: 'MPX bounds registers'
Dec 21 12:09:54 ubuntu kernel: [    0.000000] x86/fpu: Supporting XSAVE feature 0x010: 'MPX CSR'
Dec 21 12:09:54 ubuntu kernel: [    0.000000] x86/fpu: xstate_offset[2]:  576, xstate_sizes[2]:  256
Dec 21 12:09:54 ubuntu kernel: [    0.000000] x86/fpu: xstate_offset[3]:  832, xstate_sizes[3]:   64
Dec 21 12:09:54 ubuntu kernel: [    0.000000] x86/fpu: xstate_offset[4]:  896, xstate_sizes[4]:   64
Dec 21 12:09:54 ubuntu kernel: [    0.000000] x86/fpu: Enabled xstate features 0x1f, context size is 960 bytes, using 'compacted' format.
Dec 21 12:09:54 ubuntu kernel: [    0.000000] BIOS-provided physical RAM map:
Dec 21 12:09:54 ubuntu kernel: [    0.000000] BIOS-e820: [mem 0x0000000000000000-0x0000000000057fff] usable
Dec 21 12:09:54 ubuntu kernel: [    0.000000] BIOS-e820: [mem 0x0000000000058000-0x0000000000058fff] reserved
Dec 21 12:09:54 ubuntu kernel: [    0.000000] BIOS-e820: [mem 0x0000000000059000-0x000000000009efff] usable
Dec 21 12:09:54 ubuntu kernel: [    0.000000] BIOS-e820: [mem 0x000000000009f000-0x00000000000fffff] reserved
Dec 21 12:09:54 ubuntu kernel: [    0.000000] BIOS-e820: [mem 0x0000000000100000-0x00000000998d7fff] usable
Dec 21 12:09:54 ubuntu kernel: [    0.000000] BIOS-e820: [mem 0x00000000998d8000-0x00000000998d8fff] ACPI NVS
Dec 21 12:09:54 ubuntu kernel: [    0.000000] BIOS-e820: [mem 0x00000000998d9000-0x00000000998d9fff] reserved
Dec 21 12:09:54 ubuntu kernel: [    0.000000] BIOS-e820: [mem 0x00000000998da000-0x00000000a9fb5fff] usable
Dec 21 12:09:54 ubuntu kernel: [    0.000000] BIOS-e820: [mem 0x00000000a9fb6000-0x00000000aa35efff] reserved
Dec 21 12:09:54 ubuntu kernel: [    0.000000] BIOS-e820: [mem 0x00000000aa35f000-0x00000000aa3a7fff] ACPI data
Dec 21 12:09:54 ubuntu kernel: [    0.000000] BIOS-e820: [mem 0x00000000aa3a8000-0x00000000aad09fff] ACPI NVS
Dec 21 12:09:54 ubuntu kernel: [    0.000000] BIOS-e820: [mem 0x00000000aad0a000-0x00000000ab5fefff] reserved
Dec 21 12:09:54 ubuntu kernel: [    0.000000] BIOS-e820: [mem 0x00000000ab5ff000-0x00000000ab5fffff] usable
Dec 21 12:09:54 ubuntu kernel: [    0.000000] BIOS-e820: [mem 0x00000000ab600000-0x00000000af7fffff] reserved
Dec 21 12:09:54 ubuntu kernel: [    0.000000] BIOS-e820: [mem 0x00000000e0000000-0x00000000efffffff] reserved
Dec 21 12:09:54 ubuntu kernel: [    0.000000] BIOS-e820: [mem 0x00000000fe000000-0x00000000fe010fff] reserved
Dec 21 12:09:54 ubuntu kernel: [    0.000000] BIOS-e820: [mem 0x00000000fec00000-0x00000000fec00fff] reserved
Dec 21 12:09:54 ubuntu kernel: [    0.000000] BIOS-e820: [mem 0x00000000fee00000-0x00000000fee00fff] reserved
Dec 21 12:09:54 ubuntu kernel: [    0.000000] BIOS-e820: [mem 0x00000000ff000000-0x00000000ffffffff] reserved
Dec 21 12:09:54 ubuntu kernel: [    0.000000] BIOS-e820: [mem 0x0000000100000000-0x000000044f7fffff] usable
Dec 21 12:09:54 ubuntu kernel: [    0.000000] NX (Execute Disable) protection: active
Dec 21 12:09:54 ubuntu kernel: [    0.000000] e820: update [mem 0x97483018-0x97493057] usable ==> usable
Dec 21 12:09:54 ubuntu kernel: [    0.000000] e820: update [mem 0x97483018-0x97493057] usable ==> usable
Dec 21 12:09:54 ubuntu kernel: [    0.000000] e820: update [mem 0x97465018-0x97482a57] usable ==> usable
Dec 21 12:09:54 ubuntu kernel: [    0.000000] e820: update [mem 0x97465018-0x97482a57] usable ==> usable
Dec 21 12:09:54 ubuntu kernel: [    0.000000] e820: update [mem 0x999c8018-0x999d0857] usable ==> usable
Dec 21 12:09:54 ubuntu kernel: [    0.000000] e820: update [mem 0x999c8018-0x999d0857] usable ==> usable
Dec 21 12:09:54 ubuntu kernel: [    0.000000] e820: update [mem 0x97456018-0x97464057] usable ==> usable
Dec 21 12:09:54 ubuntu kernel: [    0.000000] e820: update [mem 0x97456018-0x97464057] usable ==> usable
Dec 21 12:09:54 ubuntu kernel: [    0.000000] extended physical RAM map:
Dec 21 12:09:54 ubuntu kernel: [    0.000000] reserve setup_data: [mem 0x0000000000000000-0x0000000000057fff] usable
Dec 21 12:09:54 ubuntu kernel: [    0.000000] reserve setup_data: [mem 0x0000000000058000-0x0000000000058fff] reserved
Dec 21 12:09:54 ubuntu kernel: [    0.000000] reserve setup_data: [mem 0x0000000000059000-0x000000000009efff] usable
Dec 21 12:09:54 ubuntu kernel: [    0.000000] reserve setup_data: [mem 0x000000000009f000-0x00000000000fffff] reserved
Dec 21 12:09:54 ubuntu kernel: [    0.000000] reserve setup_data: [mem 0x0000000000100000-0x0000000097456017] usable
Dec 21 12:09:54 ubuntu kernel: [    0.000000] reserve setup_data: [mem 0x0000000097456018-0x0000000097464057] usable
Dec 21 12:09:54 ubuntu kernel: [    0.000000] reserve setup_data: [mem 0x0000000097464058-0x0000000097465017] usable
Dec 21 12:09:54 ubuntu kernel: [    0.000000] reserve setup_data: [mem 0x0000000097465018-0x0000000097482a57] usable
Dec 21 12:09:54 ubuntu kernel: [    0.000000] reserve setup_data: [mem 0x0000000097482a58-0x0000000097483017] usable
Dec 21 12:09:54 ubuntu kernel: [    0.000000] reserve setup_data: [mem 0x0000000097483018-0x0000000097493057] usable
Dec 21 12:09:54 ubuntu kernel: [    0.000000] reserve setup_data: [mem 0x0000000097493058-0x00000000998d7fff] usable
Dec 21 12:09:54 ubuntu kernel: [    0.000000] reserve setup_data: [mem 0x00000000998d8000-0x00000000998d8fff] ACPI NVS
Dec 21 12:09:54 ubuntu kernel: [    0.000000] reserve setup_data: [mem 0x00000000998d9000-0x00000000998d9fff] reserved
Dec 21 12:09:54 ubuntu kernel: [    0.000000] reserve setup_data: [mem 0x00000000998da000-0x00000000999c8017] usable
Dec 21 12:09:54 ubuntu kernel: [    0.000000] reserve setup_data: [mem 0x00000000999c8018-0x00000000999d0857] usable
Dec 21 12:09:54 ubuntu kernel: [    0.000000] reserve setup_data: [mem 0x00000000999d0858-0x00000000a9fb5fff] usable
Dec 21 12:09:54 ubuntu kernel: [    0.000000] reserve setup_data: [mem 0x00000000a9fb6000-0x00000000aa35efff] reserved
Dec 21 12:09:54 ubuntu kernel: [    0.000000] reserve setup_data: [mem 0x00000000aa35f000-0x00000000aa3a7fff] ACPI data
Dec 21 12:09:54 ubuntu kernel: [    0.000000] reserve setup_data: [mem 0x00000000aa3a8000-0x00000000aad09fff] ACPI NVS
Dec 21 12:09:54 ubuntu kernel: [    0.000000] reserve setup_data: [mem 0x00000000aad0a000-0x00000000ab5fefff] reserved
Dec 21 12:09:54 ubuntu kernel: [    0.000000] reserve setup_data: [mem 0x00000000ab5ff000-0x00000000ab5fffff] usable
Dec 21 12:09:54 ubuntu kernel: [    0.000000] reserve setup_data: [mem 0x00000000ab600000-0x00000000af7fffff] reserved
Dec 21 12:09:54 ubuntu kernel: [    0.000000] reserve setup_data: [mem 0x00000000e0000000-0x00000000efffffff] reserved
Dec 21 12:09:54 ubuntu kernel: [    0.000000] reserve setup_data: [mem 0x00000000fe000000-0x00000000fe010fff] reserved
Dec 21 12:09:54 ubuntu kernel: [    0.000000] reserve setup_data: [mem 0x00000000fec00000-0x00000000fec00fff] reserved
Dec 21 12:09:54 ubuntu kernel: [    0.000000] reserve setup_data: [mem 0x00000000fee00000-0x00000000fee00fff] reserved
Dec 21 12:09:54 ubuntu kernel: [    0.000000] reserve setup_data: [mem 0x00000000ff000000-0x00000000ffffffff] reserved
Dec 21 12:09:54 ubuntu kernel: [    0.000000] reserve setup_data: [mem 0x0000000100000000-0x000000044f7fffff] usable
Dec 21 12:09:54 ubuntu kernel: [    0.000000] efi: EFI v2.40 by American Megatrends
Dec 21 12:09:54 ubuntu kernel: [    0.000000] efi:  ACPI=0xaa36d000  ACPI 2.0=0xaa36d000  SMBIOS=0xab2cf000  SMBIOS 3.0=0xab2ce000  TPMFinalLog=0xaa9ab000  ESRT=0xab11a118  MPS=0xfcd30  MEMATTR=0xa5a52018  TPMEventLog=0x999d1018 
Dec 21 12:09:54 ubuntu kernel: [    0.000000] efi: memattr: Unexpected EFI Memory Attributes table version 1128877139
Dec 21 12:09:54 ubuntu kernel: [    0.000000] secureboot: Secure boot disabled
Dec 21 12:09:54 ubuntu kernel: [    0.000000] SMBIOS 3.1.1 present.
Dec 21 12:09:54 ubuntu kernel: [    0.000000] DMI: Dell Inc. Latitude 3490/053X82, BIOS 1.11.0 12/23/2019
Dec 21 12:09:54 ubuntu kernel: [    0.000000] tsc: Detected 2000.000 MHz processor
Dec 21 12:09:54 ubuntu kernel: [    0.001973] tsc: Detected 1999.968 MHz TSC
Dec 21 12:09:54 ubuntu kernel: [    0.001973] e820: update [mem 0x00000000-0x00000fff] usable ==> reserved
Dec 21 12:09:54 ubuntu kernel: [    0.001974] e820: remove [mem 0x000a0000-0x000fffff] usable
Dec 21 12:09:54 ubuntu kernel: [    0.001980] last_pfn = 0x44f800 max_arch_pfn = 0x400000000
Dec 21 12:09:54 ubuntu kernel: [    0.001983] MTRR default type: write-back
Dec 21 12:09:54 ubuntu kernel: [    0.001983] MTRR fixed ranges enabled:
Dec 21 12:09:54 ubuntu kernel: [    0.001984]   00000-9FFFF write-back
Dec 21 12:09:54 ubuntu kernel: [    0.001984]   A0000-BFFFF uncachable
Dec 21 12:09:54 ubuntu kernel: [    0.001985]   C0000-FFFFF write-protect
Dec 21 12:09:54 ubuntu kernel: [    0.001985] MTRR variable ranges enabled:
Dec 21 12:09:54 ubuntu kernel: [    0.001986]   0 base 00C0000000 mask 7FC0000000 uncachable
Dec 21 12:09:54 ubuntu kernel: [    0.001987]   1 base 00B0000000 mask 7FF0000000 uncachable
Dec 21 12:09:54 ubuntu kernel: [    0.001987]   2 base 00AE000000 mask 7FFE000000 uncachable
Dec 21 12:09:54 ubuntu kernel: [    0.001988]   3 base 00AD000000 mask 7FFF000000 uncachable
Dec 21 12:09:54 ubuntu kernel: [    0.001988]   4 disabled
Dec 21 12:09:54 ubuntu kernel: [    0.001988]   5 disabled
Dec 21 12:09:54 ubuntu kernel: [    0.001989]   6 disabled
Dec 21 12:09:54 ubuntu kernel: [    0.001989]   7 disabled
Dec 21 12:09:54 ubuntu kernel: [    0.001989]   8 disabled
Dec 21 12:09:54 ubuntu kernel: [    0.001990]   9 disabled
Dec 21 12:09:54 ubuntu kernel: [    0.002282] x86/PAT: Configuration [0-7]: WB  WC  UC- UC  WB  WP  UC- WT  
Dec 21 12:09:54 ubuntu kernel: [    0.002431] last_pfn = 0xab600 max_arch_pfn = 0x400000000
Dec 21 12:09:54 ubuntu kernel: [    0.007866] found SMP MP-table at [mem 0x000fcfa0-0x000fcfaf]
Dec 21 12:09:54 ubuntu kernel: [    0.007874] esrt: Reserving ESRT space from 0x00000000ab11a118 to 0x00000000ab11a150.
Dec 21 12:09:54 ubuntu kernel: [    0.007880] check: Scanning 1 areas for low memory corruption
Dec 21 12:09:54 ubuntu kernel: [    0.007883] Using GB pages for direct mapping
Dec 21 12:09:54 ubuntu kernel: [    0.008461] secureboot: Secure boot disabled
Dec 21 12:09:54 ubuntu kernel: [    0.008462] RAMDISK: [mem 0x3be4d000-0x3fffdfff]
Dec 21 12:09:54 ubuntu kernel: [    0.008468] ACPI: Early table checksum verification disabled
Dec 21 12:09:54 ubuntu kernel: [    0.008470] ACPI: RSDP 0x00000000AA36D000 000024 (v02 DELL  )
Dec 21 12:09:54 ubuntu kernel: [    0.008472] ACPI: XSDT 0x00000000AA36D0D0 000124 (v01 DELL   CBX3     01072009 AMI  00010013)
Dec 21 12:09:54 ubuntu kernel: [    0.008476] ACPI: FACP 0x00000000AA397C88 00010C (v05 DELL   CBX3     01072009 AMI  00010013)
Dec 21 12:09:54 ubuntu kernel: [    0.008479] ACPI: DSDT 0x00000000AA36D288 02A9FB (v02 DELL   CBX3     01072009 INTL 20160422)
Dec 21 12:09:54 ubuntu kernel: [    0.008481] ACPI: FACS 0x00000000AAD07180 000040
Dec 21 12:09:54 ubuntu kernel: [    0.008483] ACPI: UEFI 0x00000000AA398000 00063A (v01 INTEL  RstSataE 00000000 ??   00000000)
Dec 21 12:09:54 ubuntu kernel: [    0.008485] ACPI: APIC 0x00000000AA398640 0000BC (v03 DELL   CBX3     01072009 AMI  00010013)
Dec 21 12:09:54 ubuntu kernel: [    0.008486] ACPI: FPDT 0x00000000AA398700 000044 (v01 DELL   CBX3     01072009 AMI  00010013)
Dec 21 12:09:54 ubuntu kernel: [    0.008488] ACPI: FIDT 0x00000000AA398748 0000AC (v01 DELL   CBX3     01072009 AMI  00010013)
Dec 21 12:09:54 ubuntu kernel: [    0.008490] ACPI: MCFG 0x00000000AA3987F8 00003C (v01 DELL   CBX3     01072009 MSFT 00000097)
Dec 21 12:09:54 ubuntu kernel: [    0.008491] ACPI: HPET 0x00000000AA398838 000038 (v01 DELL   CBX3     01072009 AMI. 0005000B)
Dec 21 12:09:54 ubuntu kernel: [    0.008493] ACPI: SSDT 0x00000000AA398870 0004B8 (v01 SataRe SataTabl 00001000 INTL 20160422)
Dec 21 12:09:54 ubuntu kernel: [    0.008495] ACPI: BOOT 0x00000000AA398D28 000028 (v01 DELL   CBX3     01072009 AMI  00010013)
Dec 21 12:09:54 ubuntu kernel: [    0.008496] ACPI: SSDT 0x00000000AA398D50 0012E0 (v02 SaSsdt SaSsdt   00003000 INTL 20160422)
Dec 21 12:09:54 ubuntu kernel: [    0.008498] ACPI: HPET 0x00000000AA39A030 000038 (v01 INTEL  KBL-ULT  00000001 MSFT 0000005F)
Dec 21 12:09:54 ubuntu kernel: [    0.008500] ACPI: SSDT 0x00000000AA39A068 00079D (v02 INTEL  xh_OEMBD 00000000 INTL 20160422)
Dec 21 12:09:54 ubuntu kernel: [    0.008501] ACPI: UEFI 0x00000000AA39A808 000042 (v01                 00000000      00000000)
Dec 21 12:09:54 ubuntu kernel: [    0.008503] ACPI: SSDT 0x00000000AA39A850 0017AE (v02 CpuRef CpuSsdt  00003000 INTL 20160422)
Dec 21 12:09:54 ubuntu kernel: [    0.008505] ACPI: LPIT 0x00000000AA39C000 00005C (v01 INTEL  KBL-ULT  00000000 MSFT 0000005F)
Dec 21 12:09:54 ubuntu kernel: [    0.008506] ACPI: SSDT 0x00000000AA39C060 000141 (v02 INTEL  HdaDsp   00000000 INTL 20160422)
Dec 21 12:09:54 ubuntu kernel: [    0.008508] ACPI: SSDT 0x00000000AA39C1A8 00029F (v02 INTEL  sensrhub 00000000 INTL 20160422)
Dec 21 12:09:54 ubuntu kernel: [    0.008510] ACPI: SSDT 0x00000000AA39C448 003002 (v02 INTEL  PtidDevc 00001000 INTL 20160422)
Dec 21 12:09:54 ubuntu kernel: [    0.008511] ACPI: SSDT 0x00000000AA39F450 000517 (v02 INTEL  TbtTypeC 00000000 INTL 20160422)
Dec 21 12:09:54 ubuntu kernel: [    0.008513] ACPI: DBGP 0x00000000AA39F968 000034 (v01 INTEL           00000002 MSFT 0000005F)
Dec 21 12:09:54 ubuntu kernel: [    0.008515] ACPI: DBG2 0x00000000AA39F9A0 000054 (v00 INTEL           00000002 MSFT 0000005F)
Dec 21 12:09:54 ubuntu kernel: [    0.008516] ACPI: SSDT 0x00000000AA39F9F8 0007AC (v02 INTEL  UsbCTabl 00001000 INTL 20160422)
Dec 21 12:09:54 ubuntu kernel: [    0.008518] ACPI: SSDT 0x00000000AA3A01A8 0049B3 (v02 DptfTa DptfTabl 00001000 INTL 20160422)
Dec 21 12:09:54 ubuntu kernel: [    0.008519] ACPI: MSDM 0x00000000AA3A4B60 000055 (v03 DELL   CBX3     06222004 AMI  00010013)
Dec 21 12:09:54 ubuntu kernel: [    0.008521] ACPI: SLIC 0x00000000AA3A4BB8 000176 (v03 DELL   CBX3     01072009 MSFT 00010013)
Dec 21 12:09:54 ubuntu kernel: [    0.008523] ACPI: SSDT 0x00000000AA3A4D30 000699 (v02 SgRef  SgPch    00001000 INTL 20160422)
Dec 21 12:09:54 ubuntu kernel: [    0.008524] ACPI: SSDT 0x00000000AA3A53D0 000281 (v02 SgRef  SgUlx    00001000 INTL 20160422)
Dec 21 12:09:54 ubuntu kernel: [    0.008526] ACPI: UEFI 0x00000000AA3A5658 00005C (v01 INTEL  RstSataV 00000000 ??   00000000)
Dec 21 12:09:54 ubuntu kernel: [    0.008528] ACPI: TPM2 0x00000000AA3A56B8 000034 (v03 DELL   CBX3     00000001 AMI  00000000)
Dec 21 12:09:54 ubuntu kernel: [    0.008529] ACPI: SSDT 0x00000000AA3A56F0 000F88 (v01 AmdRef AmdTabl  00001000 INTL 20160422)
Dec 21 12:09:54 ubuntu kernel: [    0.008531] ACPI: DMAR 0x00000000AA3A6678 0000CC (v01 INTEL  EDK2     00000001 INTL 00000001)
Dec 21 12:09:54 ubuntu kernel: [    0.008532] ACPI: BGRT 0x00000000AA3A6748 000038 (v00               01072009 AMI  00010013)
Dec 21 12:09:54 ubuntu kernel: [    0.008539] ACPI: Local APIC address 0xfee00000
Dec 21 12:09:54 ubuntu kernel: [    0.008691] No NUMA configuration found
Dec 21 12:09:54 ubuntu kernel: [    0.008692] Faking a node at [mem 0x0000000000000000-0x000000044f7fffff]
Dec 21 12:09:54 ubuntu kernel: [    0.008699] NODE_DATA(0) allocated [mem 0x44f7d5000-0x44f7fffff]
Dec 21 12:09:54 ubuntu kernel: [    0.008879] Zone ranges:
Dec 21 12:09:54 ubuntu kernel: [    0.008880]   DMA      [mem 0x0000000000001000-0x0000000000ffffff]
Dec 21 12:09:54 ubuntu kernel: [    0.008880]   DMA32    [mem 0x0000000001000000-0x00000000ffffffff]
Dec 21 12:09:54 ubuntu kernel: [    0.008881]   Normal   [mem 0x0000000100000000-0x000000044f7fffff]
Dec 21 12:09:54 ubuntu kernel: [    0.008882]   Device   empty
Dec 21 12:09:54 ubuntu kernel: [    0.008882] Movable zone start for each node
Dec 21 12:09:54 ubuntu kernel: [    0.008884] Early memory node ranges
Dec 21 12:09:54 ubuntu kernel: [    0.008885]   node   0: [mem 0x0000000000001000-0x0000000000057fff]
Dec 21 12:09:54 ubuntu kernel: [    0.008885]   node   0: [mem 0x0000000000059000-0x000000000009efff]
Dec 21 12:09:54 ubuntu kernel: [    0.008886]   node   0: [mem 0x0000000000100000-0x00000000998d7fff]
Dec 21 12:09:54 ubuntu kernel: [    0.008886]   node   0: [mem 0x00000000998da000-0x00000000a9fb5fff]
Dec 21 12:09:54 ubuntu kernel: [    0.008887]   node   0: [mem 0x00000000ab5ff000-0x00000000ab5fffff]
Dec 21 12:09:54 ubuntu kernel: [    0.008887]   node   0: [mem 0x0000000100000000-0x000000044f7fffff]
Dec 21 12:09:54 ubuntu kernel: [    0.009049] Zeroed struct page in unavailable ranges: 26798 pages
Dec 21 12:09:54 ubuntu kernel: [    0.009050] Initmem setup node 0 [mem 0x0000000000001000-0x000000044f7fffff]
Dec 21 12:09:54 ubuntu kernel: [    0.009051] On node 0 totalpages: 4167506
Dec 21 12:09:54 ubuntu kernel: [    0.009051]   DMA zone: 64 pages used for memmap
Dec 21 12:09:54 ubuntu kernel: [    0.009052]   DMA zone: 25 pages reserved
Dec 21 12:09:54 ubuntu kernel: [    0.009052]   DMA zone: 3997 pages, LIFO batch:0
Dec 21 12:09:54 ubuntu kernel: [    0.009086]   DMA32 zone: 10815 pages used for memmap
Dec 21 12:09:54 ubuntu kernel: [    0.009087]   DMA32 zone: 692149 pages, LIFO batch:63
Dec 21 12:09:54 ubuntu kernel: [    0.016570]   Normal zone: 54240 pages used for memmap
Dec 21 12:09:54 ubuntu kernel: [    0.016570]   Normal zone: 3471360 pages, LIFO batch:63
Dec 21 12:09:54 ubuntu kernel: [    0.045327] Reserving Intel graphics memory at [mem 0xad800000-0xaf7fffff]
Dec 21 12:09:54 ubuntu kernel: [    0.045519] ACPI: PM-Timer IO Port: 0x1808
Dec 21 12:09:54 ubuntu kernel: [    0.045520] ACPI: Local APIC address 0xfee00000
Dec 21 12:09:54 ubuntu kernel: [    0.045524] ACPI: LAPIC_NMI (acpi_id[0x01] high edge lint[0x1])
Dec 21 12:09:54 ubuntu kernel: [    0.045525] ACPI: LAPIC_NMI (acpi_id[0x02] high edge lint[0x1])
Dec 21 12:09:54 ubuntu kernel: [    0.045525] ACPI: LAPIC_NMI (acpi_id[0x03] high edge lint[0x1])
Dec 21 12:09:54 ubuntu kernel: [    0.045525] ACPI: LAPIC_NMI (acpi_id[0x04] high edge lint[0x1])
Dec 21 12:09:54 ubuntu kernel: [    0.045526] ACPI: LAPIC_NMI (acpi_id[0x05] high edge lint[0x1])
Dec 21 12:09:54 ubuntu kernel: [    0.045526] ACPI: LAPIC_NMI (acpi_id[0x06] high edge lint[0x1])
Dec 21 12:09:54 ubuntu kernel: [    0.045526] ACPI: LAPIC_NMI (acpi_id[0x07] high edge lint[0x1])
Dec 21 12:09:54 ubuntu kernel: [    0.045527] ACPI: LAPIC_NMI (acpi_id[0x08] high edge lint[0x1])
Dec 21 12:09:54 ubuntu kernel: [    0.045553] IOAPIC[0]: apic_id 2, version 32, address 0xfec00000, GSI 0-119
Dec 21 12:09:54 ubuntu kernel: [    0.045554] ACPI: INT_SRC_OVR (bus 0 bus_irq 0 global_irq 2 dfl dfl)
Dec 21 12:09:54 ubuntu kernel: [    0.045555] ACPI: INT_SRC_OVR (bus 0 bus_irq 9 global_irq 9 high level)
Dec 21 12:09:54 ubuntu kernel: [    0.045556] ACPI: IRQ0 used by override.
Dec 21 12:09:54 ubuntu kernel: [    0.045556] ACPI: IRQ9 used by override.
Dec 21 12:09:54 ubuntu kernel: [    0.045558] Using ACPI (MADT) for SMP configuration information
Dec 21 12:09:54 ubuntu kernel: [    0.045558] ACPI: HPET id: 0x8086a701 base: 0xfed00000
Dec 21 12:09:54 ubuntu kernel: [    0.045562] e820: update [mem 0xa5c27000-0xa5cacfff] usable ==> reserved
Dec 21 12:09:54 ubuntu kernel: [    0.045569] TSC deadline timer available
Dec 21 12:09:54 ubuntu kernel: [    0.045570] smpboot: Allowing 8 CPUs, 0 hotplug CPUs
Dec 21 12:09:54 ubuntu kernel: [    0.045583] PM: Registered nosave memory: [mem 0x00000000-0x00000fff]
Dec 21 12:09:54 ubuntu kernel: [    0.045584] PM: Registered nosave memory: [mem 0x00058000-0x00058fff]
Dec 21 12:09:54 ubuntu kernel: [    0.045584] PM: Registered nosave memory: [mem 0x0009f000-0x000fffff]
Dec 21 12:09:54 ubuntu kernel: [    0.045585] PM: Registered nosave memory: [mem 0x97456000-0x97456fff]
Dec 21 12:09:54 ubuntu kernel: [    0.045586] PM: Registered nosave memory: [mem 0x97464000-0x97464fff]
Dec 21 12:09:54 ubuntu kernel: [    0.045587] PM: Registered nosave memory: [mem 0x97465000-0x97465fff]
Dec 21 12:09:54 ubuntu kernel: [    0.045588] PM: Registered nosave memory: [mem 0x97482000-0x97482fff]
Dec 21 12:09:54 ubuntu kernel: [    0.045588] PM: Registered nosave memory: [mem 0x97483000-0x97483fff]
Dec 21 12:09:54 ubuntu kernel: [    0.045589] PM: Registered nosave memory: [mem 0x97493000-0x97493fff]
Dec 21 12:09:54 ubuntu kernel: [    0.045590] PM: Registered nosave memory: [mem 0x998d8000-0x998d8fff]
Dec 21 12:09:54 ubuntu kernel: [    0.045590] PM: Registered nosave memory: [mem 0x998d9000-0x998d9fff]
Dec 21 12:09:54 ubuntu kernel: [    0.045591] PM: Registered nosave memory: [mem 0x999c8000-0x999c8fff]
Dec 21 12:09:54 ubuntu kernel: [    0.045592] PM: Registered nosave memory: [mem 0x999d0000-0x999d0fff]
Dec 21 12:09:54 ubuntu kernel: [    0.045593] PM: Registered nosave memory: [mem 0xa5c27000-0xa5cacfff]
Dec 21 12:09:54 ubuntu kernel: [    0.045594] PM: Registered nosave memory: [mem 0xa9fb6000-0xaa35efff]
Dec 21 12:09:54 ubuntu kernel: [    0.045595] PM: Registered nosave memory: [mem 0xaa35f000-0xaa3a7fff]
Dec 21 12:09:54 ubuntu kernel: [    0.045595] PM: Registered nosave memory: [mem 0xaa3a8000-0xaad09fff]
Dec 21 12:09:54 ubuntu kernel: [    0.045595] PM: Registered nosave memory: [mem 0xaad0a000-0xab5fefff]
Dec 21 12:09:54 ubuntu kernel: [    0.045597] PM: Registered nosave memory: [mem 0xab600000-0xaf7fffff]
Dec 21 12:09:54 ubuntu kernel: [    0.045597] PM: Registered nosave memory: [mem 0xaf800000-0xdfffffff]
Dec 21 12:09:54 ubuntu kernel: [    0.045597] PM: Registered nosave memory: [mem 0xe0000000-0xefffffff]
Dec 21 12:09:54 ubuntu kernel: [    0.045598] PM: Registered nosave memory: [mem 0xf0000000-0xfdffffff]
Dec 21 12:09:54 ubuntu kernel: [    0.045598] PM: Registered nosave memory: [mem 0xfe000000-0xfe010fff]
Dec 21 12:09:54 ubuntu kernel: [    0.045598] PM: Registered nosave memory: [mem 0xfe011000-0xfebfffff]
Dec 21 12:09:54 ubuntu kernel: [    0.045599] PM: Registered nosave memory: [mem 0xfec00000-0xfec00fff]
Dec 21 12:09:54 ubuntu kernel: [    0.045599] PM: Registered nosave memory: [mem 0xfec01000-0xfedfffff]
Dec 21 12:09:54 ubuntu kernel: [    0.045599] PM: Registered nosave memory: [mem 0xfee00000-0xfee00fff]
Dec 21 12:09:54 ubuntu kernel: [    0.045600] PM: Registered nosave memory: [mem 0xfee01000-0xfeffffff]
Dec 21 12:09:54 ubuntu kernel: [    0.045600] PM: Registered nosave memory: [mem 0xff000000-0xffffffff]
Dec 21 12:09:54 ubuntu kernel: [    0.045601] [mem 0xaf800000-0xdfffffff] available for PCI devices
Dec 21 12:09:54 ubuntu kernel: [    0.045602] Booting paravirtualized kernel on bare hardware
Dec 21 12:09:54 ubuntu kernel: [    0.045604] clocksource: refined-jiffies: mask: 0xffffffff max_cycles: 0xffffffff, max_idle_ns: 7645519600211568 ns
Dec 21 12:09:54 ubuntu kernel: [    0.045608] setup_percpu: NR_CPUS:8192 nr_cpumask_bits:8 nr_cpu_ids:8 nr_node_ids:1
Dec 21 12:09:54 ubuntu kernel: [    0.045771] percpu: Embedded 54 pages/cpu s184320 r8192 d28672 u262144
Dec 21 12:09:54 ubuntu kernel: [    0.045776] pcpu-alloc: s184320 r8192 d28672 u262144 alloc=1*2097152
Dec 21 12:09:54 ubuntu kernel: [    0.045776] pcpu-alloc: [0] 0 1 2 3 4 5 6 7 
Dec 21 12:09:54 ubuntu kernel: [    0.045795] Built 1 zonelists, mobility grouping on.  Total pages: 4102362
Dec 21 12:09:54 ubuntu kernel: [    0.045796] Policy zone: Normal
Dec 21 12:09:54 ubuntu kernel: [    0.045797] Kernel command line: BOOT_IMAGE=/boot/vmlinuz-5.4.0-58-generic root=UUID=39387f72-70d9-49cc-991f-647a2dc48e9e ro quiet splash vt.handoff=1
Dec 21 12:09:54 ubuntu kernel: [    0.046703] Dentry cache hash table entries: 2097152 (order: 12, 16777216 bytes, linear)
Dec 21 12:09:54 ubuntu kernel: [    0.047150] Inode-cache hash table entries: 1048576 (order: 11, 8388608 bytes, linear)
Dec 21 12:09:54 ubuntu kernel: [    0.047204] mem auto-init: stack:off, heap alloc:on, heap free:off
Dec 21 12:09:54 ubuntu kernel: [    0.050804] Calgary: detecting Calgary via BIOS EBDA area
Dec 21 12:09:54 ubuntu kernel: [    0.050806] Calgary: Unable to locate Rio Grande table in EBDA - bailing!
Dec 21 12:09:54 ubuntu kernel: [    0.086633] Memory: 15915668K/16670024K available (14339K kernel code, 2407K rwdata, 4904K rodata, 2700K init, 4996K bss, 754356K reserved, 0K cma-reserved)
Dec 21 12:09:54 ubuntu kernel: [    0.086639] random: get_random_u64 called from __kmem_cache_create+0x41/0x550 with crng_init=0
Dec 21 12:09:54 ubuntu kernel: [    0.086751] SLUB: HWalign=64, Order=0-3, MinObjects=0, CPUs=8, Nodes=1
Dec 21 12:09:54 ubuntu kernel: [    0.086762] Kernel/User page tables isolation: enabled
Dec 21 12:09:54 ubuntu kernel: [    0.086773] ftrace: allocating 44249 entries in 173 pages
Dec 21 12:09:54 ubuntu kernel: [    0.099678] rcu: Hierarchical RCU implementation.
Dec 21 12:09:54 ubuntu kernel: [    0.099679] rcu: 	RCU restricting CPUs from NR_CPUS=8192 to nr_cpu_ids=8.
Dec 21 12:09:54 ubuntu kernel: [    0.099680] 	Tasks RCU enabled.
Dec 21 12:09:54 ubuntu kernel: [    0.099680] rcu: RCU calculated value of scheduler-enlistment delay is 25 jiffies.
Dec 21 12:09:54 ubuntu kernel: [    0.099681] rcu: Adjusting geometry for rcu_fanout_leaf=16, nr_cpu_ids=8
Dec 21 12:09:54 ubuntu kernel: [    0.101589] NR_IRQS: 524544, nr_irqs: 2048, preallocated irqs: 16
Dec 21 12:09:54 ubuntu kernel: [    0.101996] random: crng done (trusting CPU's manufacturer)
Dec 21 12:09:54 ubuntu kernel: [    0.102030] spurious 8259A interrupt: IRQ7.
Dec 21 12:09:54 ubuntu kernel: [    0.102049] vt handoff: transparent VT on vt#1
Dec 21 12:09:54 ubuntu kernel: [    0.102055] Console: colour dummy device 80x25
Dec 21 12:09:54 ubuntu kernel: [    0.102059] printk: console [tty0] enabled
Dec 21 12:09:54 ubuntu kernel: [    0.102074] ACPI: Core revision 20190816
Dec 21 12:09:54 ubuntu kernel: [    0.102345] clocksource: hpet: mask: 0xffffffff max_cycles: 0xffffffff, max_idle_ns: 79635855245 ns
Dec 21 12:09:54 ubuntu kernel: [    0.102447] APIC: Switch to symmetric I/O mode setup
Dec 21 12:09:54 ubuntu kernel: [    0.102449] DMAR: Host address width 39
Dec 21 12:09:54 ubuntu kernel: [    0.102450] DMAR: DRHD base: 0x000000fed90000 flags: 0x0
Dec 21 12:09:54 ubuntu kernel: [    0.102454] DMAR: dmar0: reg_base_addr fed90000 ver 1:0 cap 1c0000c40660462 ecap 19e2ff0505e
Dec 21 12:09:54 ubuntu kernel: [    0.102455] DMAR: DRHD base: 0x000000fed91000 flags: 0x1
Dec 21 12:09:54 ubuntu kernel: [    0.102457] DMAR: dmar1: reg_base_addr fed91000 ver 1:0 cap d2008c40660462 ecap f050da
Dec 21 12:09:54 ubuntu kernel: [    0.102458] DMAR: RMRR base: 0x000000aa08a000 end: 0x000000aa0a9fff
Dec 21 12:09:54 ubuntu kernel: [    0.102459] DMAR: RMRR base: 0x000000ad000000 end: 0x000000af7fffff
Dec 21 12:09:54 ubuntu kernel: [    0.102459] DMAR: ANDD device: 1 name: \_SB.PCI0.I2C0
Dec 21 12:09:54 ubuntu kernel: [    0.102460] DMAR-IR: IOAPIC id 2 under DRHD base  0xfed91000 IOMMU 1
Dec 21 12:09:54 ubuntu kernel: [    0.102461] DMAR-IR: HPET id 0 under DRHD base 0xfed91000
Dec 21 12:09:54 ubuntu kernel: [    0.102461] DMAR-IR: Queued invalidation will be enabled to support x2apic and Intr-remapping.
Dec 21 12:09:54 ubuntu kernel: [    0.104057] DMAR-IR: Enabled IRQ remapping in x2apic mode
Dec 21 12:09:54 ubuntu kernel: [    0.104058] x2apic enabled
Dec 21 12:09:54 ubuntu kernel: [    0.104071] Switched APIC routing to cluster x2apic.
Dec 21 12:09:54 ubuntu kernel: [    0.107853] ..TIMER: vector=0x30 apic1=0 pin1=2 apic2=-1 pin2=-1
Dec 21 12:09:54 ubuntu kernel: [    0.126288] clocksource: tsc-early: mask: 0xffffffffffffffff max_cycles: 0x39a8208cdd2, max_idle_ns: 881590748921 ns
Dec 21 12:09:54 ubuntu kernel: [    0.126292] Calibrating delay loop (skipped), value calculated using timer frequency.. 3999.93 BogoMIPS (lpj=7999872)
Dec 21 12:09:54 ubuntu kernel: [    0.126294] pid_max: default: 32768 minimum: 301
Dec 21 12:09:54 ubuntu kernel: [    0.132654] LSM: Security Framework initializing
Dec 21 12:09:54 ubuntu kernel: [    0.132661] Yama: becoming mindful.
Dec 21 12:09:54 ubuntu kernel: [    0.132693] AppArmor: AppArmor initialized
Dec 21 12:09:54 ubuntu kernel: [    0.132743] Mount-cache hash table entries: 32768 (order: 6, 262144 bytes, linear)
Dec 21 12:09:54 ubuntu kernel: [    0.132770] Mountpoint-cache hash table entries: 32768 (order: 6, 262144 bytes, linear)
Dec 21 12:09:54 ubuntu kernel: [    0.132782] *** VALIDATE tmpfs ***
Dec 21 12:09:54 ubuntu kernel: [    0.132887] *** VALIDATE proc ***
Dec 21 12:09:54 ubuntu kernel: [    0.132923] *** VALIDATE cgroup1 ***
Dec 21 12:09:54 ubuntu kernel: [    0.132923] *** VALIDATE cgroup2 ***
Dec 21 12:09:54 ubuntu kernel: [    0.132991] mce: CPU0: Thermal monitoring enabled (TM1)
Dec 21 12:09:54 ubuntu kernel: [    0.133007] process: using mwait in idle threads
Dec 21 12:09:54 ubuntu kernel: [    0.133009] Last level iTLB entries: 4KB 64, 2MB 8, 4MB 8
Dec 21 12:09:54 ubuntu kernel: [    0.133009] Last level dTLB entries: 4KB 64, 2MB 0, 4MB 0, 1GB 4
Dec 21 12:09:54 ubuntu kernel: [    0.133011] Spectre V1 : Mitigation: usercopy/swapgs barriers and __user pointer sanitization
Dec 21 12:09:54 ubuntu kernel: [    0.133012] Spectre V2 : Mitigation: Full generic retpoline
Dec 21 12:09:54 ubuntu kernel: [    0.133012] Spectre V2 : Spectre v2 / SpectreRSB mitigation: Filling RSB on context switch
Dec 21 12:09:54 ubuntu kernel: [    0.133012] Spectre V2 : Enabling Restricted Speculation for firmware calls
Dec 21 12:09:54 ubuntu kernel: [    0.133013] Spectre V2 : mitigation: Enabling conditional Indirect Branch Prediction Barrier
Dec 21 12:09:54 ubuntu kernel: [    0.133014] Spectre V2 : User space: Mitigation: STIBP via seccomp and prctl
Dec 21 12:09:54 ubuntu kernel: [    0.133014] Speculative Store Bypass: Mitigation: Speculative Store Bypass disabled via prctl and seccomp
Dec 21 12:09:54 ubuntu kernel: [    0.133019] SRBDS: Mitigation: Microcode
Dec 21 12:09:54 ubuntu kernel: [    0.133019] MDS: Mitigation: Clear CPU buffers
Dec 21 12:09:54 ubuntu kernel: [    0.133209] Freeing SMP alternatives memory: 40K
Dec 21 12:09:54 ubuntu kernel: [    0.136875] smpboot: CPU0: Intel(R) Core(TM) i7-8550U CPU @ 1.80GHz (family: 0x6, model: 0x8e, stepping: 0xa)
Dec 21 12:09:54 ubuntu kernel: [    0.136976] Performance Events: PEBS fmt3+, Skylake events, 32-deep LBR, full-width counters, Intel PMU driver.
Dec 21 12:09:54 ubuntu kernel: [    0.136981] ... version:                4
Dec 21 12:09:54 ubuntu kernel: [    0.136981] ... bit width:              48
Dec 21 12:09:54 ubuntu kernel: [    0.136981] ... generic registers:      4
Dec 21 12:09:54 ubuntu kernel: [    0.136982] ... value mask:             0000ffffffffffff
Dec 21 12:09:54 ubuntu kernel: [    0.136982] ... max period:             00007fffffffffff
Dec 21 12:09:54 ubuntu kernel: [    0.136983] ... fixed-purpose events:   3
Dec 21 12:09:54 ubuntu kernel: [    0.136983] ... event mask:             000000070000000f
Dec 21 12:09:54 ubuntu kernel: [    0.137011] rcu: Hierarchical SRCU implementation.
Dec 21 12:09:54 ubuntu kernel: [    0.137850] NMI watchdog: Enabled. Permanently consumes one hw-PMU counter.
Dec 21 12:09:54 ubuntu kernel: [    0.137904] smp: Bringing up secondary CPUs ...
Dec 21 12:09:54 ubuntu kernel: [    0.137963] x86: Booting SMP configuration:
Dec 21 12:09:54 ubuntu kernel: [    0.137964] .... node  #0, CPUs:      #1 #2 #3 #4
Dec 21 12:09:54 ubuntu kernel: [    0.139908] MDS CPU bug present and SMT on, data leak possible. See https://www.kernel.org/doc/html/latest/admin-guide/hw-vuln/mds.html for more details.
Dec 21 12:09:54 ubuntu kernel: [    0.139908]  #5 #6 #7
Dec 21 12:09:54 ubuntu kernel: [    0.142718] smp: Brought up 1 node, 8 CPUs
Dec 21 12:09:54 ubuntu kernel: [    0.142718] smpboot: Max logical packages: 1
Dec 21 12:09:54 ubuntu kernel: [    0.142718] smpboot: Total of 8 processors activated (31999.48 BogoMIPS)
Dec 21 12:09:54 ubuntu kernel: [    0.144686] devtmpfs: initialized
Dec 21 12:09:54 ubuntu kernel: [    0.144686] x86/mm: Memory block size: 128MB
Dec 21 12:09:54 ubuntu kernel: [    0.146788] PM: Registering ACPI NVS region [mem 0x998d8000-0x998d8fff] (4096 bytes)
Dec 21 12:09:54 ubuntu kernel: [    0.146788] PM: Registering ACPI NVS region [mem 0xaa3a8000-0xaad09fff] (9838592 bytes)
Dec 21 12:09:54 ubuntu kernel: [    0.146788] clocksource: jiffies: mask: 0xffffffff max_cycles: 0xffffffff, max_idle_ns: 7645041785100000 ns
Dec 21 12:09:54 ubuntu kernel: [    0.146788] futex hash table entries: 2048 (order: 5, 131072 bytes, linear)
Dec 21 12:09:54 ubuntu kernel: [    0.146788] pinctrl core: initialized pinctrl subsystem
Dec 21 12:09:54 ubuntu kernel: [    0.146788] PM: RTC time: 06:39:09, date: 2020-12-21
Dec 21 12:09:54 ubuntu kernel: [    0.146788] NET: Registered protocol family 16
Dec 21 12:09:54 ubuntu kernel: [    0.146788] audit: initializing netlink subsys (disabled)
Dec 21 12:09:54 ubuntu kernel: [    0.146788] audit: type=2000 audit(1608532749.044:1): state=initialized audit_enabled=0 res=1
Dec 21 12:09:54 ubuntu kernel: [    0.146788] EISA bus registered
Dec 21 12:09:54 ubuntu kernel: [    0.146788] cpuidle: using governor ladder
Dec 21 12:09:54 ubuntu kernel: [    0.146788] cpuidle: using governor menu
Dec 21 12:09:54 ubuntu kernel: [    0.146788] Simple Boot Flag at 0x47 set to 0x80
Dec 21 12:09:54 ubuntu kernel: [    0.146788] ACPI: bus type PCI registered
Dec 21 12:09:54 ubuntu kernel: [    0.146788] acpiphp: ACPI Hot Plug PCI Controller Driver version: 0.5
Dec 21 12:09:54 ubuntu kernel: [    0.146788] PCI: MMCONFIG for domain 0000 [bus 00-ff] at [mem 0xe0000000-0xefffffff] (base 0xe0000000)
Dec 21 12:09:54 ubuntu kernel: [    0.146788] PCI: MMCONFIG at [mem 0xe0000000-0xefffffff] reserved in E820
Dec 21 12:09:54 ubuntu kernel: [    0.146788] PCI: Using configuration type 1 for base access
Dec 21 12:09:54 ubuntu kernel: [    0.146967] ENERGY_PERF_BIAS: Set to 'normal', was 'performance'
Dec 21 12:09:54 ubuntu kernel: [    0.147042] HugeTLB registered 1.00 GiB page size, pre-allocated 0 pages
Dec 21 12:09:54 ubuntu kernel: [    0.147042] HugeTLB registered 2.00 MiB page size, pre-allocated 0 pages
Dec 21 12:09:54 ubuntu kernel: [    0.147042] ACPI: Added _OSI(Module Device)
Dec 21 12:09:54 ubuntu kernel: [    0.147042] ACPI: Added _OSI(Processor Device)
Dec 21 12:09:54 ubuntu kernel: [    0.147042] ACPI: Added _OSI(3.0 _SCP Extensions)
Dec 21 12:09:54 ubuntu kernel: [    0.147042] ACPI: Added _OSI(Processor Aggregator Device)
Dec 21 12:09:54 ubuntu kernel: [    0.147042] ACPI: Added _OSI(Linux-Dell-Video)
Dec 21 12:09:54 ubuntu kernel: [    0.147042] ACPI: Added _OSI(Linux-Lenovo-NV-HDMI-Audio)
Dec 21 12:09:54 ubuntu kernel: [    0.147042] ACPI: Added _OSI(Linux-HPI-Hybrid-Graphics)
Dec 21 12:09:54 ubuntu kernel: [    0.183161] ACPI: 14 ACPI AML tables successfully acquired and loaded
Dec 21 12:09:54 ubuntu kernel: [    0.183423] ACPI Error: No pointer back to namespace node in package 0000000001ab934a (20190816/dsargs-303)
Dec 21 12:09:54 ubuntu kernel: [    0.183859] ACPI Error: No pointer back to namespace node in package 00000000e9256d46 (20190816/dsargs-303)
Dec 21 12:09:54 ubuntu kernel: [    0.184061] ACPI Error: No pointer back to namespace node in package 0000000046f7d483 (20190816/dsargs-303)
Dec 21 12:09:54 ubuntu kernel: [    0.187539] ACPI: [Firmware Bug]: BIOS _OSI(Linux) query ignored
Dec 21 12:09:54 ubuntu kernel: [    0.194500] ACPI: Dynamic OEM Table Load:
Dec 21 12:09:54 ubuntu kernel: [    0.194505] ACPI: SSDT 0xFFFF9787FCFED800 0005CD (v02 PmRef  Cpu0Ist  00003000 INTL 20160422)
Dec 21 12:09:54 ubuntu kernel: [    0.194919] ACPI Error: No pointer back to namespace node in package 0000000001ab934a (20190816/dsargs-303)
Dec 21 12:09:54 ubuntu kernel: [    0.195285] ACPI Error: No pointer back to namespace node in package 00000000e9256d46 (20190816/dsargs-303)
Dec 21 12:09:54 ubuntu kernel: [    0.195377] ACPI Error: No pointer back to namespace node in package 0000000046f7d483 (20190816/dsargs-303)
Dec 21 12:09:54 ubuntu kernel: [    0.195377] ACPI: \_PR_.PR00: _OSC native thermal LVT Acked
Dec 21 12:09:54 ubuntu kernel: [    0.195392] ACPI: Dynamic OEM Table Load:
Dec 21 12:09:54 ubuntu kernel: [    0.195396] ACPI: SSDT 0xFFFF9787FC6EDC00 0003FF (v02 PmRef  Cpu0Cst  00003001 INTL 20160422)
Dec 21 12:09:54 ubuntu kernel: [    0.195697] ACPI Error: No pointer back to namespace node in package 0000000001ab934a (20190816/dsargs-303)
Dec 21 12:09:54 ubuntu kernel: [    0.196061] ACPI Error: No pointer back to namespace node in package 00000000e9256d46 (20190816/dsargs-303)
Dec 21 12:09:54 ubuntu kernel: [    0.196153] ACPI Error: No pointer back to namespace node in package 0000000046f7d483 (20190816/dsargs-303)
Dec 21 12:09:54 ubuntu kernel: [    0.196599] ACPI: Dynamic OEM Table Load:
Dec 21 12:09:54 ubuntu kernel: [    0.196602] ACPI: SSDT 0xFFFF9787FCFCF9C0 0000BA (v02 PmRef  Cpu0Hwp  00003000 INTL 20160422)
Dec 21 12:09:54 ubuntu kernel: [    0.196854] ACPI Error: No pointer back to namespace node in package 0000000001ab934a (20190816/dsargs-303)
Dec 21 12:09:54 ubuntu kernel: [    0.197217] ACPI Error: No pointer back to namespace node in package 00000000e9256d46 (20190816/dsargs-303)
Dec 21 12:09:54 ubuntu kernel: [    0.197309] ACPI Error: No pointer back to namespace node in package 0000000046f7d483 (20190816/dsargs-303)
Dec 21 12:09:54 ubuntu kernel: [    0.197730] ACPI: Dynamic OEM Table Load:
Dec 21 12:09:54 ubuntu kernel: [    0.197734] ACPI: SSDT 0xFFFF9787FCFEC800 000628 (v02 PmRef  HwpLvt   00003000 INTL 20160422)
Dec 21 12:09:54 ubuntu kernel: [    0.197980] ACPI Error: No pointer back to namespace node in package 0000000001ab934a (20190816/dsargs-303)
Dec 21 12:09:54 ubuntu kernel: [    0.198344] ACPI Error: No pointer back to namespace node in package 00000000e9256d46 (20190816/dsargs-303)
Dec 21 12:09:54 ubuntu kernel: [    0.198436] ACPI Error: No pointer back to namespace node in package 0000000046f7d483 (20190816/dsargs-303)
Dec 21 12:09:54 ubuntu kernel: [    0.199189] ACPI: Dynamic OEM Table Load:
Dec 21 12:09:54 ubuntu kernel: [    0.199195] ACPI: SSDT 0xFFFF9787FC83A000 000D14 (v02 PmRef  ApIst    00003000 INTL 20160422)
Dec 21 12:09:54 ubuntu kernel: [    0.200085] ACPI Error: No pointer back to namespace node in package 0000000001ab934a (20190816/dsargs-303)
Dec 21 12:09:54 ubuntu kernel: [    0.200451] ACPI Error: No pointer back to namespace node in package 00000000e9256d46 (20190816/dsargs-303)
Dec 21 12:09:54 ubuntu kernel: [    0.200543] ACPI Error: No pointer back to namespace node in package 0000000046f7d483 (20190816/dsargs-303)
Dec 21 12:09:54 ubuntu kernel: [    0.201000] ACPI: Dynamic OEM Table Load:
Dec 21 12:09:54 ubuntu kernel: [    0.201004] ACPI: SSDT 0xFFFF9787FC6EB400 000317 (v02 PmRef  ApHwp    00003000 INTL 20160422)
Dec 21 12:09:54 ubuntu kernel: [    0.201324] ACPI Error: No pointer back to namespace node in package 0000000001ab934a (20190816/dsargs-303)
Dec 21 12:09:54 ubuntu kernel: [    0.201684] ACPI Error: No pointer back to namespace node in package 00000000e9256d46 (20190816/dsargs-303)
Dec 21 12:09:54 ubuntu kernel: [    0.201776] ACPI Error: No pointer back to namespace node in package 0000000046f7d483 (20190816/dsargs-303)
Dec 21 12:09:54 ubuntu kernel: [    0.202240] ACPI: Dynamic OEM Table Load:
Dec 21 12:09:54 ubuntu kernel: [    0.202244] ACPI: SSDT 0xFFFF9787FC6EBC00 00030A (v02 PmRef  ApCst    00003000 INTL 20160422)
Dec 21 12:09:54 ubuntu kernel: [    0.202567] ACPI Error: No pointer back to namespace node in package 0000000001ab934a (20190816/dsargs-303)
Dec 21 12:09:54 ubuntu kernel: [    0.202929] ACPI Error: No pointer back to namespace node in package 00000000e9256d46 (20190816/dsargs-303)
Dec 21 12:09:54 ubuntu kernel: [    0.203021] ACPI Error: No pointer back to namespace node in package 0000000046f7d483 (20190816/dsargs-303)
Dec 21 12:09:54 ubuntu kernel: [    0.205715] ACPI: EC: EC started
Dec 21 12:09:54 ubuntu kernel: [    0.205715] ACPI: EC: interrupt blocked
Dec 21 12:09:54 ubuntu kernel: [    0.216392] ACPI: \_SB_.PCI0.LPCB.ECDV: Used as first EC
Dec 21 12:09:54 ubuntu kernel: [    0.216394] ACPI: \_SB_.PCI0.LPCB.ECDV: GPE=0x6e, IRQ=-1, EC_CMD/EC_SC=0x934, EC_DATA=0x930
Dec 21 12:09:54 ubuntu kernel: [    0.216394] ACPI: \_SB_.PCI0.LPCB.ECDV: Boot DSDT EC used to handle transactions
Dec 21 12:09:54 ubuntu kernel: [    0.216395] ACPI: Interpreter enabled
Dec 21 12:09:54 ubuntu kernel: [    0.216427] ACPI: (supports S0 S3 S4 S5)
Dec 21 12:09:54 ubuntu kernel: [    0.216428] ACPI: Using IOAPIC for interrupt routing
Dec 21 12:09:54 ubuntu kernel: [    0.216458] PCI: Using host bridge windows from ACPI; if necessary, use "pci=nocrs" and report a bug
Dec 21 12:09:54 ubuntu kernel: [    0.217060] ACPI: Enabled 7 GPEs in block 00 to 7F
Dec 21 12:09:54 ubuntu kernel: [    0.221935] ACPI: Power Resource [PC01] (on)
Dec 21 12:09:54 ubuntu kernel: [    0.242847] ACPI: PCI Root Bridge [PCI0] (domain 0000 [bus 00-fe])
Dec 21 12:09:54 ubuntu kernel: [    0.242852] acpi PNP0A08:00: _OSC: OS supports [ExtendedConfig ASPM ClockPM Segments MSI HPX-Type3]
Dec 21 12:09:54 ubuntu kernel: [    0.244602] acpi PNP0A08:00: _OSC: OS now controls [PCIeHotplug SHPCHotplug PME AER PCIeCapability LTR]
Dec 21 12:09:54 ubuntu kernel: [    0.245273] PCI host bridge to bus 0000:00
Dec 21 12:09:54 ubuntu kernel: [    0.245274] pci_bus 0000:00: root bus resource [io  0x0000-0x0cf7 window]
Dec 21 12:09:54 ubuntu kernel: [    0.245275] pci_bus 0000:00: root bus resource [io  0x0d00-0xffff window]
Dec 21 12:09:54 ubuntu kernel: [    0.245276] pci_bus 0000:00: root bus resource [mem 0x000a0000-0x000bffff window]
Dec 21 12:09:54 ubuntu kernel: [    0.245276] pci_bus 0000:00: root bus resource [mem 0xaf800000-0xdfffffff window]
Dec 21 12:09:54 ubuntu kernel: [    0.245277] pci_bus 0000:00: root bus resource [mem 0xfd000000-0xfe7fffff window]
Dec 21 12:09:54 ubuntu kernel: [    0.245278] pci_bus 0000:00: root bus resource [bus 00-fe]
Dec 21 12:09:54 ubuntu kernel: [    0.245285] pci 0000:00:00.0: [8086:5914] type 00 class 0x060000
Dec 21 12:09:54 ubuntu kernel: [    0.245401] pci 0000:00:02.0: [8086:5917] type 00 class 0x030000
Dec 21 12:09:54 ubuntu kernel: [    0.245410] pci 0000:00:02.0: reg 0x10: [mem 0xde000000-0xdeffffff 64bit]
Dec 21 12:09:54 ubuntu kernel: [    0.245415] pci 0000:00:02.0: reg 0x18: [mem 0xb0000000-0xbfffffff 64bit pref]
Dec 21 12:09:54 ubuntu kernel: [    0.245418] pci 0000:00:02.0: reg 0x20: [io  0xf000-0xf03f]
Dec 21 12:09:54 ubuntu kernel: [    0.245431] pci 0000:00:02.0: BAR 2: assigned to efifb
Dec 21 12:09:54 ubuntu kernel: [    0.245548] pci 0000:00:04.0: [8086:1903] type 00 class 0x118000
Dec 21 12:09:54 ubuntu kernel: [    0.245559] pci 0000:00:04.0: reg 0x10: [mem 0xdf420000-0xdf427fff 64bit]
Dec 21 12:09:54 ubuntu kernel: [    0.245756] pci 0000:00:14.0: [8086:9d2f] type 00 class 0x0c0330
Dec 21 12:09:54 ubuntu kernel: [    0.245777] pci 0000:00:14.0: reg 0x10: [mem 0xdf410000-0xdf41ffff 64bit]
Dec 21 12:09:54 ubuntu kernel: [    0.245838] pci 0000:00:14.0: PME# supported from D3hot D3cold
Dec 21 12:09:54 ubuntu kernel: [    0.246025] pci 0000:00:14.2: [8086:9d31] type 00 class 0x118000
Dec 21 12:09:54 ubuntu kernel: [    0.246046] pci 0000:00:14.2: reg 0x10: [mem 0xdf437000-0xdf437fff 64bit]
Dec 21 12:09:54 ubuntu kernel: [    0.246288] pci 0000:00:15.0: [8086:9d60] type 00 class 0x118000
Dec 21 12:09:54 ubuntu kernel: [    0.246415] pci 0000:00:15.0: reg 0x10: [mem 0xdf436000-0xdf436fff 64bit]
Dec 21 12:09:54 ubuntu kernel: [    0.246982] pci 0000:00:16.0: [8086:9d3a] type 00 class 0x078000
Dec 21 12:09:54 ubuntu kernel: [    0.246999] pci 0000:00:16.0: reg 0x10: [mem 0xdf435000-0xdf435fff 64bit]
Dec 21 12:09:54 ubuntu kernel: [    0.247049] pci 0000:00:16.0: PME# supported from D3hot
Dec 21 12:09:54 ubuntu kernel: [    0.247200] pci 0000:00:17.0: [8086:282a] type 00 class 0x010400
Dec 21 12:09:54 ubuntu kernel: [    0.247216] pci 0000:00:17.0: reg 0x10: [mem 0xdf430000-0xdf431fff]
Dec 21 12:09:54 ubuntu kernel: [    0.247222] pci 0000:00:17.0: reg 0x14: [mem 0xdf434000-0xdf4340ff]
Dec 21 12:09:54 ubuntu kernel: [    0.247228] pci 0000:00:17.0: reg 0x18: [io  0xf090-0xf097]
Dec 21 12:09:54 ubuntu kernel: [    0.247235] pci 0000:00:17.0: reg 0x1c: [io  0xf080-0xf083]
Dec 21 12:09:54 ubuntu kernel: [    0.247241] pci 0000:00:17.0: reg 0x20: [io  0xf060-0xf07f]
Dec 21 12:09:54 ubuntu kernel: [    0.247247] pci 0000:00:17.0: reg 0x24: [mem 0xdf433000-0xdf4337ff]
Dec 21 12:09:54 ubuntu kernel: [    0.247282] pci 0000:00:17.0: PME# supported from D3hot
Dec 21 12:09:54 ubuntu kernel: [    0.247418] pci 0000:00:1c.0: [8086:9d10] type 01 class 0x060400
Dec 21 12:09:54 ubuntu kernel: [    0.247493] pci 0000:00:1c.0: PME# supported from D0 D3hot D3cold
Dec 21 12:09:54 ubuntu kernel: [    0.247668] pci 0000:00:1c.4: [8086:9d14] type 01 class 0x060400
Dec 21 12:09:54 ubuntu kernel: [    0.247742] pci 0000:00:1c.4: PME# supported from D0 D3hot D3cold
Dec 21 12:09:54 ubuntu kernel: [    0.247908] pci 0000:00:1c.5: [8086:9d15] type 01 class 0x060400
Dec 21 12:09:54 ubuntu kernel: [    0.247983] pci 0000:00:1c.5: PME# supported from D0 D3hot D3cold
Dec 21 12:09:54 ubuntu kernel: [    0.248158] pci 0000:00:1f.0: [8086:9d4e] type 00 class 0x060100
Dec 21 12:09:54 ubuntu kernel: [    0.248344] pci 0000:00:1f.2: [8086:9d21] type 00 class 0x058000
Dec 21 12:09:54 ubuntu kernel: [    0.248357] pci 0000:00:1f.2: reg 0x10: [mem 0xdf42c000-0xdf42ffff]
Dec 21 12:09:54 ubuntu kernel: [    0.248510] pci 0000:00:1f.3: [8086:9d71] type 00 class 0x040300
Dec 21 12:09:54 ubuntu kernel: [    0.248538] pci 0000:00:1f.3: reg 0x10: [mem 0xdf428000-0xdf42bfff 64bit]
Dec 21 12:09:54 ubuntu kernel: [    0.248561] pci 0000:00:1f.3: reg 0x20: [mem 0xdf400000-0xdf40ffff 64bit]
Dec 21 12:09:54 ubuntu kernel: [    0.248607] pci 0000:00:1f.3: PME# supported from D3hot D3cold
Dec 21 12:09:54 ubuntu kernel: [    0.248811] pci 0000:00:1f.4: [8086:9d23] type 00 class 0x0c0500
Dec 21 12:09:54 ubuntu kernel: [    0.248872] pci 0000:00:1f.4: reg 0x10: [mem 0xdf432000-0xdf4320ff 64bit]
Dec 21 12:09:54 ubuntu kernel: [    0.248942] pci 0000:00:1f.4: reg 0x20: [io  0xf040-0xf05f]
Dec 21 12:09:54 ubuntu kernel: [    0.249195] pci 0000:01:00.0: [1002:6900] type 00 class 0x038000
Dec 21 12:09:54 ubuntu kernel: [    0.249244] pci 0000:01:00.0: reg 0x10: [mem 0xc0000000-0xcfffffff 64bit pref]
Dec 21 12:09:54 ubuntu kernel: [    0.249264] pci 0000:01:00.0: reg 0x18: [mem 0xd0000000-0xd01fffff 64bit pref]
Dec 21 12:09:54 ubuntu kernel: [    0.249277] pci 0000:01:00.0: reg 0x20: [io  0xe000-0xe0ff]
Dec 21 12:09:54 ubuntu kernel: [    0.249289] pci 0000:01:00.0: reg 0x24: [mem 0xdf300000-0xdf33ffff]
Dec 21 12:09:54 ubuntu kernel: [    0.249302] pci 0000:01:00.0: reg 0x30: [mem 0xdf340000-0xdf35ffff pref]
Dec 21 12:09:54 ubuntu kernel: [    0.249312] pci 0000:01:00.0: enabling Extended Tags
Dec 21 12:09:54 ubuntu kernel: [    0.249427] pci 0000:01:00.0: supports D1 D2
Dec 21 12:09:54 ubuntu kernel: [    0.249494] pci 0000:01:00.0: 31.504 Gb/s available PCIe bandwidth, limited by 8 GT/s x4 link at 0000:00:1c.0 (capable of 63.008 Gb/s with 8 GT/s x8 link)
Dec 21 12:09:54 ubuntu kernel: [    0.249582] pci 0000:00:1c.0: PCI bridge to [bus 01]
Dec 21 12:09:54 ubuntu kernel: [    0.249584] pci 0000:00:1c.0:   bridge window [io  0xe000-0xefff]
Dec 21 12:09:54 ubuntu kernel: [    0.249586] pci 0000:00:1c.0:   bridge window [mem 0xdf300000-0xdf3fffff]
Dec 21 12:09:54 ubuntu kernel: [    0.249589] pci 0000:00:1c.0:   bridge window [mem 0xc0000000-0xd01fffff 64bit pref]
Dec 21 12:09:54 ubuntu kernel: [    0.249668] pci 0000:02:00.0: [10ec:8168] type 00 class 0x020000
Dec 21 12:09:54 ubuntu kernel: [    0.249696] pci 0000:02:00.0: reg 0x10: [io  0xd000-0xd0ff]
Dec 21 12:09:54 ubuntu kernel: [    0.249721] pci 0000:02:00.0: reg 0x18: [mem 0xdf204000-0xdf204fff 64bit]
Dec 21 12:09:54 ubuntu kernel: [    0.249737] pci 0000:02:00.0: reg 0x20: [mem 0xdf200000-0xdf203fff 64bit]
Dec 21 12:09:54 ubuntu kernel: [    0.249837] pci 0000:02:00.0: supports D1 D2
Dec 21 12:09:54 ubuntu kernel: [    0.249838] pci 0000:02:00.0: PME# supported from D0 D1 D2 D3hot D3cold
Dec 21 12:09:54 ubuntu kernel: [    0.249965] pci 0000:00:1c.4: PCI bridge to [bus 02]
Dec 21 12:09:54 ubuntu kernel: [    0.249966] pci 0000:00:1c.4:   bridge window [io  0xd000-0xdfff]
Dec 21 12:09:54 ubuntu kernel: [    0.249968] pci 0000:00:1c.4:   bridge window [mem 0xdf200000-0xdf2fffff]
Dec 21 12:09:54 ubuntu kernel: [    0.250197] pci 0000:03:00.0: [168c:003e] type 00 class 0x028000
Dec 21 12:09:54 ubuntu kernel: [    0.250257] pci 0000:03:00.0: reg 0x10: [mem 0xdf000000-0xdf1fffff 64bit]
Dec 21 12:09:54 ubuntu kernel: [    0.250477] pci 0000:03:00.0: PME# supported from D0 D3hot D3cold
Dec 21 12:09:54 ubuntu kernel: [    0.250770] pci 0000:00:1c.5: PCI bridge to [bus 03]
Dec 21 12:09:54 ubuntu kernel: [    0.250773] pci 0000:00:1c.5:   bridge window [mem 0xdf000000-0xdf1fffff]
Dec 21 12:09:54 ubuntu kernel: [    0.252607] ACPI: PCI Interrupt Link [LNKA] (IRQs 3 4 5 6 *10 11 12 14 15)
Dec 21 12:09:54 ubuntu kernel: [    0.252656] ACPI: PCI Interrupt Link [LNKB] (IRQs 3 4 5 6 *10 11 12 14 15)
Dec 21 12:09:54 ubuntu kernel: [    0.252704] ACPI: PCI Interrupt Link [LNKC] (IRQs 3 4 5 6 10 *11 12 14 15)
Dec 21 12:09:54 ubuntu kernel: [    0.252752] ACPI: PCI Interrupt Link [LNKD] (IRQs 3 4 5 6 10 *11 12 14 15)
Dec 21 12:09:54 ubuntu kernel: [    0.252799] ACPI: PCI Interrupt Link [LNKE] (IRQs 3 4 5 6 10 *11 12 14 15)
Dec 21 12:09:54 ubuntu kernel: [    0.252850] ACPI: PCI Interrupt Link [LNKF] (IRQs 3 4 5 6 10 *11 12 14 15)
Dec 21 12:09:54 ubuntu kernel: [    0.252898] ACPI: PCI Interrupt Link [LNKG] (IRQs 3 4 5 6 10 *11 12 14 15)
Dec 21 12:09:54 ubuntu kernel: [    0.252945] ACPI: PCI Interrupt Link [LNKH] (IRQs 3 4 5 6 10 *11 12 14 15)
Dec 21 12:09:54 ubuntu kernel: [    0.257188] ACPI: EC: interrupt unblocked
Dec 21 12:09:54 ubuntu kernel: [    0.257188] ACPI: EC: event unblocked
Dec 21 12:09:54 ubuntu kernel: [    0.257188] ACPI: \_SB_.PCI0.LPCB.ECDV: GPE=0x6e, IRQ=-1, EC_CMD/EC_SC=0x934, EC_DATA=0x930
Dec 21 12:09:54 ubuntu kernel: [    0.257188] ACPI: \_SB_.PCI0.LPCB.ECDV: Boot DSDT EC used to handle transactions and events
Dec 21 12:09:54 ubuntu kernel: [    0.257188] iommu: Default domain type: Translated 
Dec 21 12:09:54 ubuntu kernel: [    0.257188] SCSI subsystem initialized
Dec 21 12:09:54 ubuntu kernel: [    0.258731] libata version 3.00 loaded.
Dec 21 12:09:54 ubuntu kernel: [    0.258739] pci 0000:00:02.0: vgaarb: setting as boot VGA device
Dec 21 12:09:54 ubuntu kernel: [    0.258739] pci 0000:00:02.0: vgaarb: VGA device added: decodes=io+mem,owns=io+mem,locks=none
Dec 21 12:09:54 ubuntu kernel: [    0.258739] pci 0000:00:02.0: vgaarb: bridge control possible
Dec 21 12:09:54 ubuntu kernel: [    0.258739] vgaarb: loaded
Dec 21 12:09:54 ubuntu kernel: [    0.258739] ACPI: bus type USB registered
Dec 21 12:09:54 ubuntu kernel: [    0.258739] usbcore: registered new interface driver usbfs
Dec 21 12:09:54 ubuntu kernel: [    0.258739] usbcore: registered new interface driver hub
Dec 21 12:09:54 ubuntu kernel: [    0.258739] usbcore: registered new device driver usb
Dec 21 12:09:54 ubuntu kernel: [    0.258739] pps_core: LinuxPPS API ver. 1 registered
Dec 21 12:09:54 ubuntu kernel: [    0.258739] pps_core: Software ver. 5.3.6 - Copyright 2005-2007 Rodolfo Giometti <giometti@linux.it>
Dec 21 12:09:54 ubuntu kernel: [    0.258739] PTP clock support registered
Dec 21 12:09:54 ubuntu kernel: [    0.258739] EDAC MC: Ver: 3.0.0
Dec 21 12:09:54 ubuntu kernel: [    0.259436] Registered efivars operations
Dec 21 12:09:54 ubuntu kernel: [    0.259436] PCI: Using ACPI for IRQ routing
Dec 21 12:09:54 ubuntu kernel: [    0.289260] PCI: pci_cache_line_size set to 64 bytes
Dec 21 12:09:54 ubuntu kernel: [    0.289559] e820: reserve RAM buffer [mem 0x00058000-0x0005ffff]
Dec 21 12:09:54 ubuntu kernel: [    0.289560] e820: reserve RAM buffer [mem 0x0009f000-0x0009ffff]
Dec 21 12:09:54 ubuntu kernel: [    0.289560] e820: reserve RAM buffer [mem 0x97456018-0x97ffffff]
Dec 21 12:09:54 ubuntu kernel: [    0.289561] e820: reserve RAM buffer [mem 0x97465018-0x97ffffff]
Dec 21 12:09:54 ubuntu kernel: [    0.289561] e820: reserve RAM buffer [mem 0x97483018-0x97ffffff]
Dec 21 12:09:54 ubuntu kernel: [    0.289562] e820: reserve RAM buffer [mem 0x998d8000-0x9bffffff]
Dec 21 12:09:54 ubuntu kernel: [    0.289562] e820: reserve RAM buffer [mem 0x999c8018-0x9bffffff]
Dec 21 12:09:54 ubuntu kernel: [    0.289563] e820: reserve RAM buffer [mem 0xa5c27000-0xa7ffffff]
Dec 21 12:09:54 ubuntu kernel: [    0.289563] e820: reserve RAM buffer [mem 0xa9fb6000-0xabffffff]
Dec 21 12:09:54 ubuntu kernel: [    0.289564] e820: reserve RAM buffer [mem 0xab600000-0xabffffff]
Dec 21 12:09:54 ubuntu kernel: [    0.289565] e820: reserve RAM buffer [mem 0x44f800000-0x44fffffff]
Dec 21 12:09:54 ubuntu kernel: [    0.289623] NetLabel: Initializing
Dec 21 12:09:54 ubuntu kernel: [    0.289624] NetLabel:  domain hash size = 128
Dec 21 12:09:54 ubuntu kernel: [    0.289624] NetLabel:  protocols = UNLABELED CIPSOv4 CALIPSO
Dec 21 12:09:54 ubuntu kernel: [    0.289633] NetLabel:  unlabeled traffic allowed by default
Dec 21 12:09:54 ubuntu kernel: [    0.289641] hpet0: at MMIO 0xfed00000, IRQs 2, 8, 0, 0, 0, 0, 0, 0
Dec 21 12:09:54 ubuntu kernel: [    0.289641] hpet0: 8 comparators, 64-bit 24.000000 MHz counter
Dec 21 12:09:54 ubuntu kernel: [    0.291313] clocksource: Switched to clocksource tsc-early
Dec 21 12:09:54 ubuntu kernel: [    0.298328] *** VALIDATE bpf ***
Dec 21 12:09:54 ubuntu kernel: [    0.298380] VFS: Disk quotas dquot_6.6.0
Dec 21 12:09:54 ubuntu kernel: [    0.298392] VFS: Dquot-cache hash table entries: 512 (order 0, 4096 bytes)
Dec 21 12:09:54 ubuntu kernel: [    0.298411] *** VALIDATE ramfs ***
Dec 21 12:09:54 ubuntu kernel: [    0.298414] *** VALIDATE hugetlbfs ***
Dec 21 12:09:54 ubuntu kernel: [    0.298469] AppArmor: AppArmor Filesystem Enabled
Dec 21 12:09:54 ubuntu kernel: [    0.298492] pnp: PnP ACPI init
Dec 21 12:09:54 ubuntu kernel: [    0.298762] system 00:00: [io  0x0680-0x069f] has been reserved
Dec 21 12:09:54 ubuntu kernel: [    0.298764] system 00:00: [io  0xffff] has been reserved
Dec 21 12:09:54 ubuntu kernel: [    0.298764] system 00:00: [io  0xffff] has been reserved
Dec 21 12:09:54 ubuntu kernel: [    0.298765] system 00:00: [io  0xffff] has been reserved
Dec 21 12:09:54 ubuntu kernel: [    0.298766] system 00:00: [io  0x1800-0x18fe] has been reserved
Dec 21 12:09:54 ubuntu kernel: [    0.298767] system 00:00: [io  0x164e-0x164f] has been reserved
Dec 21 12:09:54 ubuntu kernel: [    0.298770] system 00:00: Plug and Play ACPI device, IDs PNP0c02 (active)
Dec 21 12:09:54 ubuntu kernel: [    0.298852] pnp 00:01: Plug and Play ACPI device, IDs PNP0b00 (active)
Dec 21 12:09:54 ubuntu kernel: [    0.298881] system 00:02: [io  0x1854-0x1857] has been reserved
Dec 21 12:09:54 ubuntu kernel: [    0.298883] system 00:02: Plug and Play ACPI device, IDs INT3f0d PNP0c02 (active)
Dec 21 12:09:54 ubuntu kernel: [    0.299304] pnp 00:03: Plug and Play ACPI device, IDs PNP0303 (active)
Dec 21 12:09:54 ubuntu kernel: [    0.299317] pnp 00:04: Plug and Play ACPI device, IDs DLL0839 PNP0f13 (active)
Dec 21 12:09:54 ubuntu kernel: [    0.299521] system 00:05: [mem 0xfed10000-0xfed17fff] has been reserved
Dec 21 12:09:54 ubuntu kernel: [    0.299522] system 00:05: [mem 0xfed18000-0xfed18fff] has been reserved
Dec 21 12:09:54 ubuntu kernel: [    0.299522] system 00:05: [mem 0xfed19000-0xfed19fff] has been reserved
Dec 21 12:09:54 ubuntu kernel: [    0.299523] system 00:05: [mem 0xe0000000-0xefffffff] has been reserved
Dec 21 12:09:54 ubuntu kernel: [    0.299524] system 00:05: [mem 0xfed20000-0xfed3ffff] has been reserved
Dec 21 12:09:54 ubuntu kernel: [    0.299525] system 00:05: [mem 0xfed90000-0xfed93fff] could not be reserved
Dec 21 12:09:54 ubuntu kernel: [    0.299525] system 00:05: [mem 0xfed45000-0xfed8ffff] has been reserved
Dec 21 12:09:54 ubuntu kernel: [    0.299526] system 00:05: [mem 0xff000000-0xffffffff] has been reserved
Dec 21 12:09:54 ubuntu kernel: [    0.299527] system 00:05: [mem 0xfee00000-0xfeefffff] could not be reserved
Dec 21 12:09:54 ubuntu kernel: [    0.299528] system 00:05: [mem 0xdffe0000-0xdfffffff] has been reserved
Dec 21 12:09:54 ubuntu kernel: [    0.299530] system 00:05: Plug and Play ACPI device, IDs PNP0c02 (active)
Dec 21 12:09:54 ubuntu kernel: [    0.299564] system 00:06: [mem 0xfd000000-0xfdabffff] has been reserved
Dec 21 12:09:54 ubuntu kernel: [    0.299565] system 00:06: [mem 0xfdad0000-0xfdadffff] has been reserved
Dec 21 12:09:54 ubuntu kernel: [    0.299565] system 00:06: [mem 0xfdb00000-0xfdffffff] has been reserved
Dec 21 12:09:54 ubuntu kernel: [    0.299566] system 00:06: [mem 0xfe000000-0xfe01ffff] could not be reserved
Dec 21 12:09:54 ubuntu kernel: [    0.299567] system 00:06: [mem 0xfe036000-0xfe03bfff] has been reserved
Dec 21 12:09:54 ubuntu kernel: [    0.299568] system 00:06: [mem 0xfe03d000-0xfe3fffff] has been reserved
Dec 21 12:09:54 ubuntu kernel: [    0.299568] system 00:06: [mem 0xfe410000-0xfe7fffff] has been reserved
Dec 21 12:09:54 ubuntu kernel: [    0.299570] system 00:06: Plug and Play ACPI device, IDs PNP0c02 (active)
Dec 21 12:09:54 ubuntu kernel: [    0.299819] system 00:07: [io  0xff00-0xfffe] has been reserved
Dec 21 12:09:54 ubuntu kernel: [    0.299821] system 00:07: Plug and Play ACPI device, IDs PNP0c02 (active)
Dec 21 12:09:54 ubuntu kernel: [    0.300772] system 00:08: [mem 0xfe029000-0xfe029fff] has been reserved
Dec 21 12:09:54 ubuntu kernel: [    0.300773] system 00:08: [mem 0xfe028000-0xfe028fff] has been reserved
Dec 21 12:09:54 ubuntu kernel: [    0.300775] system 00:08: Plug and Play ACPI device, IDs PNP0c02 (active)
Dec 21 12:09:54 ubuntu kernel: [    0.306252] pnp: PnP ACPI: found 9 devices
Dec 21 12:09:54 ubuntu kernel: [    0.307032] thermal_sys: Registered thermal governor 'fair_share'
